******************************************************************************
                  MSP430 Linker Unix v18.1.1                   
******************************************************************************
>> Linked Sun May 13 11:37:48 2018

OUTPUT FILE NAME:   <ECE554_C.out>
ENTRY POINT SYMBOL: "_c_int00_noargs"  address: 0000448e


MEMORY CONFIGURATION

         name            origin    length      used     unused   attr    fill
----------------------  --------  ---------  --------  --------  ----  --------
  SFR                   00000000   00000010  00000000  00000010  RWIX
  PERIPHERALS_8BIT      00000010   000000f0  00000000  000000f0  RWIX
  PERIPHERALS_16BIT     00000100   00000100  00000000  00000100  RWIX
  INFOD                 00001800   00000080  00000000  00000080  RWIX
  INFOC                 00001880   00000080  00000000  00000080  RWIX
  INFOB                 00001900   00000080  00000000  00000080  RWIX
  INFOA                 00001980   00000080  00000000  00000080  RWIX
  USBRAM                00001c00   00000800  00000000  00000800  RWIX
  RAM                   00002400   00002000  0000084c  000017b4  RWIX
  FLASH                 00004400   0000bb80  00000584  0000b5fc  RWIX
  INT00                 0000ff80   00000002  00000000  00000002  RWIX
  INT01                 0000ff82   00000002  00000000  00000002  RWIX
  INT02                 0000ff84   00000002  00000000  00000002  RWIX
  INT03                 0000ff86   00000002  00000000  00000002  RWIX
  INT04                 0000ff88   00000002  00000000  00000002  RWIX
  INT05                 0000ff8a   00000002  00000000  00000002  RWIX
  INT06                 0000ff8c   00000002  00000000  00000002  RWIX
  INT07                 0000ff8e   00000002  00000000  00000002  RWIX
  INT08                 0000ff90   00000002  00000000  00000002  RWIX
  INT09                 0000ff92   00000002  00000000  00000002  RWIX
  INT10                 0000ff94   00000002  00000000  00000002  RWIX
  INT11                 0000ff96   00000002  00000000  00000002  RWIX
  INT12                 0000ff98   00000002  00000000  00000002  RWIX
  INT13                 0000ff9a   00000002  00000000  00000002  RWIX
  INT14                 0000ff9c   00000002  00000000  00000002  RWIX
  INT15                 0000ff9e   00000002  00000000  00000002  RWIX
  INT16                 0000ffa0   00000002  00000000  00000002  RWIX
  INT17                 0000ffa2   00000002  00000000  00000002  RWIX
  INT18                 0000ffa4   00000002  00000000  00000002  RWIX
  INT19                 0000ffa6   00000002  00000000  00000002  RWIX
  INT20                 0000ffa8   00000002  00000000  00000002  RWIX
  INT21                 0000ffaa   00000002  00000000  00000002  RWIX
  INT22                 0000ffac   00000002  00000000  00000002  RWIX
  INT23                 0000ffae   00000002  00000000  00000002  RWIX
  INT24                 0000ffb0   00000002  00000000  00000002  RWIX
  INT25                 0000ffb2   00000002  00000000  00000002  RWIX
  INT26                 0000ffb4   00000002  00000000  00000002  RWIX
  INT27                 0000ffb6   00000002  00000000  00000002  RWIX
  INT28                 0000ffb8   00000002  00000000  00000002  RWIX
  INT29                 0000ffba   00000002  00000000  00000002  RWIX
  INT30                 0000ffbc   00000002  00000000  00000002  RWIX
  INT31                 0000ffbe   00000002  00000000  00000002  RWIX
  INT32                 0000ffc0   00000002  00000000  00000002  RWIX
  INT33                 0000ffc2   00000002  00000000  00000002  RWIX
  INT34                 0000ffc4   00000002  00000000  00000002  RWIX
  INT35                 0000ffc6   00000002  00000000  00000002  RWIX
  INT36                 0000ffc8   00000002  00000000  00000002  RWIX
  INT37                 0000ffca   00000002  00000000  00000002  RWIX
  INT38                 0000ffcc   00000002  00000000  00000002  RWIX
  INT39                 0000ffce   00000002  00000000  00000002  RWIX
  INT40                 0000ffd0   00000002  00000000  00000002  RWIX
  INT41                 0000ffd2   00000002  00000002  00000000  RWIX
  INT42                 0000ffd4   00000002  00000002  00000000  RWIX
  INT43                 0000ffd6   00000002  00000002  00000000  RWIX
  INT44                 0000ffd8   00000002  00000002  00000000  RWIX
  INT45                 0000ffda   00000002  00000002  00000000  RWIX
  INT46                 0000ffdc   00000002  00000002  00000000  RWIX
  INT47                 0000ffde   00000002  00000002  00000000  RWIX
  INT48                 0000ffe0   00000002  00000002  00000000  RWIX
  INT49                 0000ffe2   00000002  00000002  00000000  RWIX
  INT50                 0000ffe4   00000002  00000002  00000000  RWIX
  INT51                 0000ffe6   00000002  00000002  00000000  RWIX
  INT52                 0000ffe8   00000002  00000002  00000000  RWIX
  INT53                 0000ffea   00000002  00000002  00000000  RWIX
  INT54                 0000ffec   00000002  00000002  00000000  RWIX
  INT55                 0000ffee   00000002  00000002  00000000  RWIX
  INT56                 0000fff0   00000002  00000002  00000000  RWIX
  INT57                 0000fff2   00000002  00000002  00000000  RWIX
  INT58                 0000fff4   00000002  00000002  00000000  RWIX
  INT59                 0000fff6   00000002  00000002  00000000  RWIX
  INT60                 0000fff8   00000002  00000002  00000000  RWIX
  INT61                 0000fffa   00000002  00000002  00000000  RWIX
  INT62                 0000fffc   00000002  00000002  00000000  RWIX
  RESET                 0000fffe   00000002  00000002  00000000  RWIX
  FLASH2                00010000   00014400  00004472  0000ff8e  RWIX


SECTION ALLOCATION MAP

 output                                  attributes/
section   page    origin      length       input sections
--------  ----  ----------  ----------   ----------------
.bss       0    00002400    00000745     UNINITIALIZED
                  00002400    00000100     (.common:adjustBacklightStack)
                  00002500    00000100     (.common:drawAliensStack)
                  00002600    00000100     (.common:drawBombsStack)
                  00002700    00000100     (.common:drawBulletsStack)
                  00002800    00000100     (.common:drawExplosionsStack)
                  00002900    00000100     (.common:drawSpacecraftStack)
                  00002a00    00000028     (.common:bullets)
                  00002a28    00000028     (.common:explosions)
                  00002a50    00000028     (.common:previousBullets)
                  00002a78    0000001c     (.common:g_sContext)
                  00002a94    00000018     (.common:bombs)
                  00002aac    00000018     (.common:previousbombs)
                  00002ac4    00000018     (.common:stack_pointer)
                  00002adc    0000000c     (.common:aliens)
                  00002ae8    0000000c     (.common:previousAliens)
                  00002af4    00000008     (.common:alienRect)
                  00002afc    00000008     (.common:bombRect)
                  00002b04    00000008     (.common:bulletsRect)
                  00002b0c    00000008     (.common:explosionRect)
                  00002b14    00000008     (.common:previousSpacecraftPosition)
                  00002b1c    00000008     (.common:spacecraftPosition)
                  00002b24    00000008     (.common:spacecraftRect)
                  00002b2c    00000004     (.common:lux)
                  00002b30    00000004     (.common:luxDiff)
                  00002b34    00000004     (.common:tempSP)
                  00002b38    00000002     (.common:Lcd_ScreenHeigth)
                  00002b3a    00000002     (.common:Lcd_ScreenWidth)
                  00002b3c    00000002     (.common:Lcd_TouchTrim)
                  00002b3e    00000001     (.common:Lcd_FlagRead)
                  00002b3f    00000001     (.common:Lcd_FontSolid)
                  00002b40    00000001     (.common:Lcd_Orientation)
                  00002b41    00000001     (.common:Lcd_PenSolid)
                  00002b42    00000001     (.common:currentFireButtonState)
                  00002b43    00000001     (.common:currentRunningTask)
                  00002b44    00000001     (.common:previousFireButtonState)

.data      0    00002b46    00000067     UNINITIALIZED
                  00002b46    0000002c     Crystalfontz128x128_ST7735.obj (.data:g_sCrystalfontz128x128)
                  00002b72    0000000a     main.obj (.data:graphicsSemaphore)
                  00002b7c    00000008     ucs.obj (.data)
                  00002b84    00000006     main.obj (.data:drawAliensGraphicsCaller)
                  00002b8a    00000006     main.obj (.data:drawBombsGraphicsCaller)
                  00002b90    00000006     main.obj (.data:drawBulletsGraphicsCaller)
                  00002b96    00000006     main.obj (.data:drawExplosionsGraphicsCaller)
                  00002b9c    00000006     main.obj (.data:drawSpacecraftGraphicsCaller)
                  00002ba2    00000006     myObjects.obj (.data)
                  00002ba8    00000004     main.obj (.data)
                  00002bac    00000001     myScheduler.obj (.data)

.stack     0    00004360    000000a0     UNINITIALIZED
                  00004360    00000004     rts430x_lc_rd_eabi.lib : boot.c.obj (.stack)
                  00004364    0000009c     --HOLE--

.text:_isr 
*          0    00004400    000000b2     
                  00004400    00000070     myScheduler.obj (.text:_isr:TIMER0_A1_ISR)
                  00004470    0000001e     main.obj (.text:_isr:pushButtonISR)
                  0000448e    0000001c     rts430x_lc_rd_eabi.lib : boot.c.obj (.text:_isr:_c_int00_noargs)
                  000044aa    00000008                            : isr_trap.asm.obj (.text:_isr:__TI_ISR_TRAP)

.cinit     0    0000491a    0000006a     
                  0000491a    00000048     (.cinit..data.load) [load image, compression = lzss]
                  00004962    0000000c     (__TI_handler_table)
                  0000496e    00000006     (.cinit..bss.load) [load image, compression = zero_init]
                  00004974    00000010     (__TI_cinit_table)

.binit     0    00004400    00000000     

.init_array 
*          0    00004400    00000000     UNINITIALIZED

.const     0    000044b2    00000468     
                  000044b2    000002f8     fontfixed6x8.obj (.const:.string:g_pucFontFixed6x8Data)
                  000047aa    000000c8     fontfixed6x8.obj (.const:g_sFontFixed6x8)
                  00004872    0000001c     gpio.obj (.const:GPIO_PORT_TO_BASE)
                  0000488e    0000000e     HAL_MSP_F5529LP_Crystalfontz128x128_ST7735.obj (.const:$P$T0$1)
                  0000489c    0000000e     myTimers.obj (.const:$P$T0$1)
                  000048aa    0000000e     myTimers.obj (.const:$P$T4$5)
                  000048b8    0000000e     myTimers.obj (.const:$P$T7$8)
                  000048c6    0000000a     HAL_I2C.obj (.const:$P$T0$1)
                  000048d0    00000008     Crystalfontz128x128_ST7735.obj (.const:$P$T0$1)
                  000048d8    00000008     myTimers.obj (.const:$P$T1$2)
                  000048e0    00000008     myTimers.obj (.const:$P$T2$3)
                  000048e8    00000008     myTimers.obj (.const:$P$T3$4)
                  000048f0    00000008     myTimers.obj (.const:$P$T5$6)
                  000048f8    00000008     myTimers.obj (.const:$P$T6$7)
                  00004900    00000008     myTimers.obj (.const:$P$T8$9)
                  00004908    00000008     myTimers.obj (.const:$P$T9$10)
                  00004910    00000005     myJoystickADC.obj (.const:$P$T0$1)
                  00004915    00000005     myJoystickADC.obj (.const:$P$T1$2)

RTC        0    0000ffd2    00000002     
                  0000ffd2    00000002     rts430x_lc_rd_eabi.lib : int41.asm.obj (.int41)

PORT2      0    0000ffd4    00000002     
                  0000ffd4    00000002     rts430x_lc_rd_eabi.lib : int42.asm.obj (.int42)

TIMER2_A1 
*          0    0000ffd6    00000002     
                  0000ffd6    00000002     rts430x_lc_rd_eabi.lib : int43.asm.obj (.int43)

TIMER2_A0 
*          0    0000ffd8    00000002     
                  0000ffd8    00000002     rts430x_lc_rd_eabi.lib : int44.asm.obj (.int44)

USCI_B1    0    0000ffda    00000002     
                  0000ffda    00000002     rts430x_lc_rd_eabi.lib : int45.asm.obj (.int45)

USCI_A1    0    0000ffdc    00000002     
                  0000ffdc    00000002     rts430x_lc_rd_eabi.lib : int46.asm.obj (.int46)

PORT1      0    0000ffde    00000002     
                  0000ffde    00000002     main.obj (.int47)

TIMER1_A1 
*          0    0000ffe0    00000002     
                  0000ffe0    00000002     rts430x_lc_rd_eabi.lib : int48.asm.obj (.int48)

TIMER1_A0 
*          0    0000ffe2    00000002     
                  0000ffe2    00000002     rts430x_lc_rd_eabi.lib : int49.asm.obj (.int49)

DMA        0    0000ffe4    00000002     
                  0000ffe4    00000002     rts430x_lc_rd_eabi.lib : int50.asm.obj (.int50)

USB_UBM    0    0000ffe6    00000002     
                  0000ffe6    00000002     rts430x_lc_rd_eabi.lib : int51.asm.obj (.int51)

TIMER0_A1 
*          0    0000ffe8    00000002     
                  0000ffe8    00000002     myScheduler.obj (.int52)

TIMER0_A0 
*          0    0000ffea    00000002     
                  0000ffea    00000002     rts430x_lc_rd_eabi.lib : int53.asm.obj (.int53)

ADC12      0    0000ffec    00000002     
                  0000ffec    00000002     rts430x_lc_rd_eabi.lib : int54.asm.obj (.int54)

USCI_B0    0    0000ffee    00000002     
                  0000ffee    00000002     rts430x_lc_rd_eabi.lib : int55.asm.obj (.int55)

USCI_A0    0    0000fff0    00000002     
                  0000fff0    00000002     rts430x_lc_rd_eabi.lib : int56.asm.obj (.int56)

WDT        0    0000fff2    00000002     
                  0000fff2    00000002     rts430x_lc_rd_eabi.lib : int57.asm.obj (.int57)

TIMER0_B1 
*          0    0000fff4    00000002     
                  0000fff4    00000002     rts430x_lc_rd_eabi.lib : int58.asm.obj (.int58)

TIMER0_B0 
*          0    0000fff6    00000002     
                  0000fff6    00000002     rts430x_lc_rd_eabi.lib : int59.asm.obj (.int59)

COMP_B     0    0000fff8    00000002     
                  0000fff8    00000002     rts430x_lc_rd_eabi.lib : int60.asm.obj (.int60)

UNMI       0    0000fffa    00000002     
                  0000fffa    00000002     rts430x_lc_rd_eabi.lib : int61.asm.obj (.int61)

SYSNMI     0    0000fffc    00000002     
                  0000fffc    00000002     rts430x_lc_rd_eabi.lib : int62.asm.obj (.int62)

.reset     0    0000fffe    00000002     
                  0000fffe    00000002     rts430x_lc_rd_eabi.lib : boot.c.obj (.reset)

.text      0    00010000    00004472     
                  00010000    00000562     circle.obj (.text:Graphics_fillCircle)
                  00010562    00000504     main.obj (.text:drawBullets)
                  00010a66    00000468     main.obj (.text:drawBombs)
                  00010ece    000002ce     main.obj (.text:drawExplosions)
                  0001119c    0000028e     main.obj (.text:drawAliens)
                  0001142a    000001ec     Crystalfontz128x128_ST7735.obj (.text:Crystalfontz128x128_PixelDrawMultiple)
                  00011616    000001c2     myTimers.obj (.text:initTimers)
                  000117d8    0000018a     ucs.obj (.text:privateUCSSourceClockFromDCO)
                  00011962    00000182     main.obj (.text:drawSpacecraft)
                  00011ae4    0000015a     myObjects.obj (.text:initObjects)
                  00011c3e    00000158     ucs.obj (.text:privateUCSComputeCLKFrequency)
                  00011d96    00000156     HAL_OPT3001.obj (.text:OPT3001_getLux)
                  00011eec    00000144     line.obj (.text:Graphics_drawLineH)
                  00012030    00000142     Crystalfontz128x128_ST7735.obj (.text:Crystalfontz128x128_Init)
                  00012172    00000132     rts430x_lc_rd_eabi.lib : fs_add.asm.obj (.text)
                  000122a4    0000012e     ucs.obj (.text:UCS_initFLL)
                  000123d2    0000012c     myScheduler.obj (.text:initializeStack)
                  000124fe    0000010e     pmm.obj (.text:PMM_setVCoreUp)
                  0001260c    000000fe     ucs.obj (.text:UCS_initClockSignal)
                  0001270a    000000f8     main.obj (.text:adjustBacklight)
                  00012802    000000d0     Crystalfontz128x128_ST7735.obj (.text:Crystalfontz128x128_SetDrawFrame)
                  000128d2    000000c8     pmm.obj (.text:PMM_setVCoreDown)
                  0001299a    000000be     HAL_I2C.obj (.text:I2C_read16)
                  00012a58    000000bc     rectangle.obj (.text:Graphics_fillRectangle)
                  00012b14    000000bc     main.obj (.text:main)
                  00012bd0    000000b8     rts430x_lc_rd_eabi.lib : fs_mpy.asm.obj (.text)
                  00012c88    000000b4     timer_a.obj (.text:Timer_A_initUpMode)
                  00012d3c    0000008c     Crystalfontz128x128_ST7735.obj (.text:Crystalfontz128x128_RectFill)
                  00012dc8    0000008c     myJoystickADC.obj (.text:initJoystickADC)
                  00012e54    00000088     pmm.obj (.text:PMM_setVCore)
                  00012edc    00000080     usci_b_spi.obj (.text:USCI_B_SPI_initMaster)
                  00012f5c    00000078     adc12_a.obj (.text:ADC12_A_init)
                  00012fd4    00000078     context.obj (.text:Graphics_initContext)
                  0001304c    00000076     rts430x_lc_rd_eabi.lib : copy_decompress_lzss.c.obj (.text:decompress:lzss:__TI_decompress_lzss)
                  000130c2    00000068     gpio.obj (.text:GPIO_setAsInputPinWithPullUpResistor)
                  0001312a    00000068     main.obj (.text:mapValToRange)
                  00013192    00000060     mySemaphore.obj (.text:wait)
                  000131f2    0000005e     Crystalfontz128x128_ST7735.obj (.text:Crystalfontz128x128_LineDrawH)
                  00013250    0000005e     Crystalfontz128x128_ST7735.obj (.text:Crystalfontz128x128_LineDrawV)
                  000132ae    0000005e     timer_a.obj (.text:Timer_A_initCompareMode)
                  0001330c    0000005c     gpio.obj (.text:GPIO_selectInterruptEdge)
                  00013368    0000005c     gpio.obj (.text:GPIO_setAsInputPin)
                  000133c4    0000005c     usci_b_i2c.obj (.text:USCI_B_I2C_initMaster)
                  00013420    0000005a     usci_b_i2c.obj (.text:USCI_B_I2C_masterSendMultiByteStart)
                  0001347a    0000005a     myGPIO.obj (.text:initGPIO)
                  000134d4    00000058     Crystalfontz128x128_ST7735.obj (.text:Crystalfontz128x128_ColorTranslate)
                  0001352c    00000058     Crystalfontz128x128_ST7735.obj (.text:Crystalfontz128x128_SetOrientation)
                  00013584    00000058     rts430x_lc_rd_eabi.lib : div32u.asm.obj (.text)
                  000135dc    00000056     HAL_I2C.obj (.text:I2C_write16)
                  00013632    00000054     HAL_MSP_F5529LP_Crystalfontz128x128_ST7735.obj (.text:HAL_LCD_SpiInit)
                  00013686    00000054     rts430x_lc_rd_eabi.lib : autoinit.c.obj (.text:__TI_auto_init_nobinit_nopinit_hold_wdt:__TI_auto_init_nobinit_nopinit_hold_wdt)
                  000136da    0000004e     adc12_a.obj (.text:ADC12_A_startConversion)
                  00013728    0000004e     gpio.obj (.text:GPIO_setAsOutputPin)
                  00013776    0000004e     gpio.obj (.text:GPIO_setAsPeripheralModuleFunctionOutputPin)
                  000137c4    0000004e     ucs.obj (.text:UCS_initFLLSettle)
                  00013812    0000004c     gpio.obj (.text:GPIO_getInputPinValue)
                  0001385e    0000004c     mySemaphore.obj (.text:removeCallerFromSem)
                  000138aa    0000004a     rts430x_lc_rd_eabi.lib : fs_cmp.asm.obj (.text)
                  000138f4    00000046     mySemaphore.obj (.text:addCallerToSem)
                  0001393a    00000046     rts430x_lc_rd_eabi.lib : fs_tou.asm.obj (.text)
                  00013980    00000044     usci_b_i2c.obj (.text:USCI_B_I2C_masterSendMultiByteFinish)
                  000139c4    00000044     myScheduler.obj (.text:startScheduler)
                  00013a08    00000042     adc12_a.obj (.text:ADC12_A_setupSamplingTimer)
                  00013a4a    00000042     Crystalfontz128x128_ST7735.obj (.text:Crystalfontz128x128_PixelDraw)
                  00013a8c    00000042     gpio.obj (.text:GPIO_clearInterrupt)
                  00013ace    00000042     gpio.obj (.text:GPIO_enableInterrupt)
                  00013b10    00000040     gpio.obj (.text:GPIO_setOutputHighOnPin)
                  00013b50    00000040     gpio.obj (.text:GPIO_setOutputLowOnPin)
                  00013b90    00000040     rts430x_lc_rd_eabi.lib : div32s.asm.obj (.text)
                  00013bd0    0000003e     context.obj (.text:Graphics_setBackgroundColor)
                  00013c0e    0000003e     HAL_I2C.obj (.text:I2C_init)
                  00013c4c    0000003e     rts430x_lc_rd_eabi.lib : lsl32.asm.obj (.text:l_lsl_const)
                  00013c8a    0000003e                            : lsr32.asm.obj (.text:l_lsr_const)
                  00013cc8    0000003c     HAL_MSP_F5529LP_Crystalfontz128x128_ST7735.obj (.text:HAL_LCD_writeCommand)
                  00013d04    0000003c     mySemaphore.obj (.text:signal)
                  00013d40    0000003a     adc12_a.obj (.text:ADC12_A_configureMemory)
                  00013d7a    0000003a     display.obj (.text:Graphics_drawHorizontalLineOnDisplay)
                  00013db4    00000038     rectangle.obj (.text:Graphics_isRectangleOverlap)
                  00013dec    00000034     Crystalfontz128x128_ST7735.obj (.text:Crystalfontz128x128_ClearScreen)
                  00013e20    00000034     HAL_MSP_F5529LP_Crystalfontz128x128_ST7735.obj (.text:HAL_LCD_PortInit)
                  00013e54    00000034     usci_b_i2c.obj (.text:USCI_B_I2C_masterReceiveMultiByteFinish)
                  00013e88    00000034     usci_b_i2c.obj (.text:USCI_B_I2C_masterSendMultiByteNext)
                  00013ebc    00000032     context.obj (.text:Graphics_setForegroundColor)
                  00013eee    00000032     ucs.obj (.text:UCS_getSMCLK)
                  00013f20    00000032     rts430x_lc_rd_eabi.lib : fs_ultof.asm.obj (.text)
                  00013f52    00000030     timer_a.obj (.text:Timer_A_setOutputMode)
                  00013f82    00000030     wdt_a.obj (.text:WDT_A_hold)
                  00013fb2    0000002e     context.obj (.text:Graphics_setFont)
                  00013fe0    0000002c     HAL_MSP_F5529LP_Crystalfontz128x128_ST7735.obj (.text:HAL_LCD_writeData)
                  0001400c    0000002c     rts430x_lc_rd_eabi.lib : div16s.asm.obj (.text)
                  00014038    0000002a     adc12_a.obj (.text:ADC12_A_setResolution)
                  00014062    0000002a     myScheduler.obj (.text:addTaskToScheduler)
                  0001408c    0000002a     myClocks.obj (.text:initClocks)
                  000140b6    00000026     rts430x_lc_rd_eabi.lib : mult32.asm.obj (.text)
                  000140dc    00000024     display.obj (.text:Graphics_translateColorOnDisplay)
                  00014100    00000024     usci_b_i2c.obj (.text:USCI_B_I2C_masterSendMultiByteStop)
                  00014124    00000024     rts430x_lc_rd_eabi.lib : copy_zero_init.c.obj (.text:decompress:ZI:__TI_zero_init)
                  00014148    00000022     timer_a.obj (.text:Timer_A_setCompareValue)
                  0001416a    00000020     adc12_a.obj (.text:ADC12_A_clearInterrupt)
                  0001418a    00000020     adc12_a.obj (.text:ADC12_A_getResults)
                  000141aa    00000020     display.obj (.text:Graphics_fillRectangleOnDisplay)
                  000141ca    00000020     HAL_I2C.obj (.text:I2C_setslave)
                  000141ea    00000020     timer_a.obj (.text:Timer_A_startCounter)
                  0001420a    00000020     usci_b_i2c.obj (.text:USCI_B_I2C_clearInterrupt)
                  0001422a    00000020     usci_b_i2c.obj (.text:USCI_B_I2C_setMode)
                  0001424a    00000020     usci_b_i2c.obj (.text:USCI_B_I2C_setSlaveAddress)
                  0001426a    0000001e     adc12_a.obj (.text:ADC12_A_getInterruptStatus)
                  00014288    0000001e     timer_a.obj (.text:Timer_A_getCaptureCompareInterruptStatus)
                  000142a6    0000001e     usci_b_i2c.obj (.text:USCI_B_I2C_getInterruptStatus)
                  000142c4    0000001e     usci_b_spi.obj (.text:USCI_B_SPI_transmitData)
                  000142e2    0000001c     context.obj (.text:Graphics_clearDisplay)
                  000142fe    0000001c     display.obj (.text:Graphics_clearDisplayOnDisplay)
                  0001431a    0000001a     timer_a.obj (.text:Timer_A_clearCaptureCompareInterrupt)
                  00014334    00000016     usci_b_i2c.obj (.text:USCI_B_I2C_isBusBusy)
                  0001434a    00000016     usci_b_i2c.obj (.text:USCI_B_I2C_masterReceiveMultiByteStart)
                  00014360    00000016     rts430x_lc_rd_eabi.lib : div16u.asm.obj (.text)
                  00014376    00000014     HAL_OPT3001.obj (.text:OPT3001_init)
                  0001438a    00000014     usci_b_spi.obj (.text:USCI_B_SPI_isBusy)
                  0001439e    00000014     rts430x_lc_rd_eabi.lib : memcpy.c.obj (.text:memcpy)
                  000143b2    00000014                            : mult16.asm.obj (.text)
                  000143c6    00000012     HAL_I2C.obj (.text:Init_I2C_GPIO)
                  000143d8    00000012     usci_b_i2c.obj (.text:USCI_B_I2C_masterReceiveMultiByteNext)
                  000143ea    00000012     rts430x_lc_rd_eabi.lib : copy_decompress_none.c.obj (.text:decompress:none:__TI_decompress_none)
                  000143fc    00000010     adc12_a.obj (.text:ADC12_A_enable)
                  0001440c    0000000e     Crystalfontz128x128_ST7735.obj (.text:Crystalfontz128x128_Flush)
                  0001441a    0000000e     timer_a.obj (.text:Timer_A_clearTimerInterrupt)
                  00014428    0000000e     usci_b_i2c.obj (.text:USCI_B_I2C_disable)
                  00014436    0000000e     usci_b_i2c.obj (.text:USCI_B_I2C_enable)
                  00014444    0000000e     usci_b_spi.obj (.text:USCI_B_SPI_enable)
                  00014452    0000000a     rts430x_lc_rd_eabi.lib : lsl16.asm.obj (.text)
                  0001445c    0000000a                            : lsr16.asm.obj (.text)
                  00014466    00000006                            : exit.c.obj (.text:abort)
                  0001446c    00000004                            : pre_init.c.obj (.text:_system_pre_init)
                  00014470    00000002                            : startup.c.obj (.text:_system_post_cinit)

MODULE SUMMARY

       Module                                           code    ro data   rw data
       ------                                           ----    -------   -------
    ./driverlib/MSP430F5xx_6xx/
       ucs.obj                                          1422    0         8      
       gpio.obj                                         780     28        0      
       pmm.obj                                          606     0         0      
       usci_b_i2c.obj                                   606     0         0      
       adc12_a.obj                                      474     0         0      
       timer_a.obj                                      458     0         0      
       usci_b_spi.obj                                   192     0         0      
       wdt_a.obj                                        48      0         0      
    +--+------------------------------------------------+-------+---------+---------+
       Total:                                           4586    28        8      
                                                                                 
    ./fonts/
       fontfixed6x8.obj                                 0       960       0      
    +--+------------------------------------------------+-------+---------+---------+
       Total:                                           0       960       0      
                                                                                 
    ./grlib/
       circle.obj                                       1378    0         0      
       line.obj                                         324     0         0      
       context.obj                                      306     0         0      
       rectangle.obj                                    244     0         0      
       display.obj                                      154     0         0      
    +--+------------------------------------------------+-------+---------+---------+
       Total:                                           2406    0         0      
                                                                                 
    ./src/
       main.obj                                         4740    2         1656   
       Crystalfontz128x128_ST7735.obj                   1658    8         54     
       myObjects.obj                                    346     0         216    
       myScheduler.obj                                  522     2         30     
       myTimers.obj                                     450     98        0      
       HAL_I2C.obj                                      388     10        0      
       HAL_OPT3001.obj                                  362     0         0      
       mySemaphore.obj                                  302     0         0      
       HAL_MSP_F5529LP_Crystalfontz128x128_ST7735.obj   240     14        0      
       myJoystickADC.obj                                140     10        0      
       myGPIO.obj                                       90      0         0      
       myClocks.obj                                     42      0         0      
    +--+------------------------------------------------+-------+---------+---------+
       Total:                                           9280    144       1956   
                                                                                 
    /Applications/ti/ccsv8/tools/compiler/ti-cgt-msp430_18.1.1.LTS/lib/rts430x_lc_rd_eabi.lib
       fs_add.asm.obj                                   306     0         0      
       fs_mpy.asm.obj                                   184     0         0      
       copy_decompress_lzss.c.obj                       118     0         0      
       div32u.asm.obj                                   88      0         0      
       autoinit.c.obj                                   84      0         0      
       fs_cmp.asm.obj                                   74      0         0      
       fs_tou.asm.obj                                   70      0         0      
       div32s.asm.obj                                   64      0         0      
       lsl32.asm.obj                                    62      0         0      
       lsr32.asm.obj                                    62      0         0      
       fs_ultof.asm.obj                                 50      0         0      
       div16s.asm.obj                                   44      0         0      
       mult32.asm.obj                                   38      0         0      
       copy_zero_init.c.obj                             36      0         0      
       boot.c.obj                                       28      2         0      
       div16u.asm.obj                                   22      0         0      
       memcpy.c.obj                                     20      0         0      
       mult16.asm.obj                                   20      0         0      
       copy_decompress_none.c.obj                       18      0         0      
       lsl16.asm.obj                                    10      0         0      
       lsr16.asm.obj                                    10      0         0      
       isr_trap.asm.obj                                 8       0         0      
       exit.c.obj                                       6       0         0      
       pre_init.c.obj                                   4       0         0      
       int41.asm.obj                                    0       2         0      
       int42.asm.obj                                    0       2         0      
       int43.asm.obj                                    0       2         0      
       int44.asm.obj                                    0       2         0      
       int45.asm.obj                                    0       2         0      
       int46.asm.obj                                    0       2         0      
       int48.asm.obj                                    0       2         0      
       int49.asm.obj                                    0       2         0      
       int50.asm.obj                                    0       2         0      
       int51.asm.obj                                    0       2         0      
       int53.asm.obj                                    0       2         0      
       int54.asm.obj                                    0       2         0      
       int55.asm.obj                                    0       2         0      
       int56.asm.obj                                    0       2         0      
       int57.asm.obj                                    0       2         0      
       int58.asm.obj                                    0       2         0      
       int59.asm.obj                                    0       2         0      
       int60.asm.obj                                    0       2         0      
       int61.asm.obj                                    0       2         0      
       int62.asm.obj                                    0       2         0      
       startup.c.obj                                    2       0         0      
    +--+------------------------------------------------+-------+---------+---------+
       Total:                                           1428    42        0      
                                                                                 
       Stack:                                           0       0         160    
       Linker Generated:                                0       106       0      
    +--+------------------------------------------------+-------+---------+---------+
       Grand Total:                                     17700   1280      2124   


LINKER GENERATED COPY TABLES

__TI_cinit_table @ 00004974 records: 2, size/record: 8, table size: 16
	.data: load addr=0000491a, load size=00000048 bytes, run addr=00002b46, run size=00000067 bytes, compression=lzss
	.bss: load addr=0000496e, load size=00000006 bytes, run addr=00002400, run size=00000745 bytes, compression=zero_init


LINKER GENERATED HANDLER TABLE

__TI_handler_table @ 00004962 records: 3, size/record: 4, table size: 12
	index: 0, handler: __TI_zero_init
	index: 1, handler: __TI_decompress_lzss
	index: 2, handler: __TI_decompress_none


GLOBAL SYMBOLS: SORTED ALPHABETICALLY BY Name 

address   name                                       
-------   ----                                       
00000700  ADC12CTL0                                  
00000701  ADC12CTL0_H                                
00000700  ADC12CTL0_L                                
00000702  ADC12CTL1                                  
00000703  ADC12CTL1_H                                
00000702  ADC12CTL1_L                                
00000704  ADC12CTL2                                  
00000705  ADC12CTL2_H                                
00000704  ADC12CTL2_L                                
0000070c  ADC12IE                                    
0000070d  ADC12IE_H                                  
0000070c  ADC12IE_L                                  
0000070a  ADC12IFG                                   
0000070b  ADC12IFG_H                                 
0000070a  ADC12IFG_L                                 
0000070e  ADC12IV                                    
0000070f  ADC12IV_H                                  
0000070e  ADC12IV_L                                  
00000710  ADC12MCTL0                                 
00000711  ADC12MCTL1                                 
0000071a  ADC12MCTL10                                
0000071b  ADC12MCTL11                                
0000071c  ADC12MCTL12                                
0000071d  ADC12MCTL13                                
0000071e  ADC12MCTL14                                
0000071f  ADC12MCTL15                                
00000712  ADC12MCTL2                                 
00000713  ADC12MCTL3                                 
00000714  ADC12MCTL4                                 
00000715  ADC12MCTL5                                 
00000716  ADC12MCTL6                                 
00000717  ADC12MCTL7                                 
00000718  ADC12MCTL8                                 
00000719  ADC12MCTL9                                 
00000720  ADC12MEM0                                  
00000721  ADC12MEM0_H                                
00000720  ADC12MEM0_L                                
00000722  ADC12MEM1                                  
00000734  ADC12MEM10                                 
00000735  ADC12MEM10_H                               
00000734  ADC12MEM10_L                               
00000736  ADC12MEM11                                 
00000737  ADC12MEM11_H                               
00000736  ADC12MEM11_L                               
00000738  ADC12MEM12                                 
00000739  ADC12MEM12_H                               
00000738  ADC12MEM12_L                               
0000073a  ADC12MEM13                                 
0000073b  ADC12MEM13_H                               
0000073a  ADC12MEM13_L                               
0000073c  ADC12MEM14                                 
0000073d  ADC12MEM14_H                               
0000073c  ADC12MEM14_L                               
0000073e  ADC12MEM15                                 
0000073f  ADC12MEM15_H                               
0000073e  ADC12MEM15_L                               
00000723  ADC12MEM1_H                                
00000722  ADC12MEM1_L                                
00000724  ADC12MEM2                                  
00000725  ADC12MEM2_H                                
00000724  ADC12MEM2_L                                
00000726  ADC12MEM3                                  
00000727  ADC12MEM3_H                                
00000726  ADC12MEM3_L                                
00000728  ADC12MEM4                                  
00000729  ADC12MEM4_H                                
00000728  ADC12MEM4_L                                
0000072a  ADC12MEM5                                  
0000072b  ADC12MEM5_H                                
0000072a  ADC12MEM5_L                                
0000072c  ADC12MEM6                                  
0000072d  ADC12MEM6_H                                
0000072c  ADC12MEM6_L                                
0000072e  ADC12MEM7                                  
0000072f  ADC12MEM7_H                                
0000072e  ADC12MEM7_L                                
00000730  ADC12MEM8                                  
00000731  ADC12MEM8_H                                
00000730  ADC12MEM8_L                                
00000732  ADC12MEM9                                  
00000733  ADC12MEM9_H                                
00000732  ADC12MEM9_L                                
0001416a  ADC12_A_clearInterrupt                     
00013d40  ADC12_A_configureMemory                    
000143fc  ADC12_A_enable                             
0001426a  ADC12_A_getInterruptStatus                 
0001418a  ADC12_A_getResults                         
00012f5c  ADC12_A_init                               
00014038  ADC12_A_setResolution                      
00013a08  ADC12_A_setupSamplingTimer                 
000136da  ADC12_A_startConversion                    
00014466  C$$EXIT                                    
000008c0  CBCTL0                                     
000008c1  CBCTL0_H                                   
000008c0  CBCTL0_L                                   
000008c2  CBCTL1                                     
000008c3  CBCTL1_H                                   
000008c2  CBCTL1_L                                   
000008c4  CBCTL2                                     
000008c5  CBCTL2_H                                   
000008c4  CBCTL2_L                                   
000008c6  CBCTL3                                     
000008c7  CBCTL3_H                                   
000008c6  CBCTL3_L                                   
000008cc  CBINT                                      
000008cd  CBINT_H                                    
000008cc  CBINT_L                                    
000008ce  CBIV                                       
00000150  CRCDI                                      
00000152  CRCDIRB                                    
00000153  CRCDIRB_H                                  
00000152  CRCDIRB_L                                  
00000151  CRCDI_H                                    
00000150  CRCDI_L                                    
00000154  CRCINIRES                                  
00000155  CRCINIRES_H                                
00000154  CRCINIRES_L                                
00000156  CRCRESR                                    
00000157  CRCRESR_H                                  
00000156  CRCRESR_L                                  
00012030  Crystalfontz128x128_Init                   
00012802  Crystalfontz128x128_SetDrawFrame           
0001352c  Crystalfontz128x128_SetOrientation         
00000510  DMA0CTL                                    
00000511  DMA0CTL_H                                  
00000510  DMA0CTL_L                                  
00000516  DMA0DA                                     
00000518  DMA0DAH                                    
00000516  DMA0DAL                                    
00000512  DMA0SA                                     
00000514  DMA0SAH                                    
00000512  DMA0SAL                                    
0000051a  DMA0SZ                                     
00000520  DMA1CTL                                    
00000521  DMA1CTL_H                                  
00000520  DMA1CTL_L                                  
00000526  DMA1DA                                     
00000528  DMA1DAH                                    
00000526  DMA1DAL                                    
00000522  DMA1SA                                     
00000524  DMA1SAH                                    
00000522  DMA1SAL                                    
0000052a  DMA1SZ                                     
00000530  DMA2CTL                                    
00000531  DMA2CTL_H                                  
00000530  DMA2CTL_L                                  
00000536  DMA2DA                                     
00000538  DMA2DAH                                    
00000536  DMA2DAL                                    
00000532  DMA2SA                                     
00000534  DMA2SAH                                    
00000532  DMA2SAL                                    
0000053a  DMA2SZ                                     
00000500  DMACTL0                                    
00000501  DMACTL0_H                                  
00000500  DMACTL0_L                                  
00000502  DMACTL1                                    
00000503  DMACTL1_H                                  
00000502  DMACTL1_L                                  
00000504  DMACTL2                                    
00000505  DMACTL2_H                                  
00000504  DMACTL2_L                                  
00000506  DMACTL3                                    
00000507  DMACTL3_H                                  
00000506  DMACTL3_L                                  
00000508  DMACTL4                                    
00000509  DMACTL4_H                                  
00000508  DMACTL4_L                                  
0000050e  DMAIV                                      
0000050f  DMAIV_H                                    
0000050e  DMAIV_L                                    
00000140  FCTL1                                      
00000141  FCTL1_H                                    
00000140  FCTL1_L                                    
00000144  FCTL3                                      
00000145  FCTL3_H                                    
00000144  FCTL3_L                                    
00000146  FCTL4                                      
00000147  FCTL4_H                                    
00000146  FCTL4_L                                    
00013a8c  GPIO_clearInterrupt                        
00013ace  GPIO_enableInterrupt                       
00013812  GPIO_getInputPinValue                      
0001330c  GPIO_selectInterruptEdge                   
00013368  GPIO_setAsInputPin                         
000130c2  GPIO_setAsInputPinWithPullUpResistor       
00013728  GPIO_setAsOutputPin                        
00013776  GPIO_setAsPeripheralModuleFunctionOutputPin
00013b10  GPIO_setOutputHighOnPin                    
00013b50  GPIO_setOutputLowOnPin                     
000142e2  Graphics_clearDisplay                      
000142fe  Graphics_clearDisplayOnDisplay             
00013d7a  Graphics_drawHorizontalLineOnDisplay       
00011eec  Graphics_drawLineH                         
00010000  Graphics_fillCircle                        
00012a58  Graphics_fillRectangle                     
000141aa  Graphics_fillRectangleOnDisplay            
00012fd4  Graphics_initContext                       
00013db4  Graphics_isRectangleOverlap                
00013bd0  Graphics_setBackgroundColor                
00013fb2  Graphics_setFont                           
00013ebc  Graphics_setForegroundColor                
000140dc  Graphics_translateColorOnDisplay           
00013e20  HAL_LCD_PortInit                           
00013632  HAL_LCD_SpiInit                            
00013cc8  HAL_LCD_writeCommand                       
00013fe0  HAL_LCD_writeData                          
00013c0e  I2C_init                                   
0001299a  I2C_read16                                 
000141ca  I2C_setslave                               
000135dc  I2C_write16                                
000143c6  Init_I2C_GPIO                              
00002b3e  Lcd_FlagRead                               
00002b3f  Lcd_FontSolid                              
00002b40  Lcd_Orientation                            
00002b41  Lcd_PenSolid                               
00002b38  Lcd_ScreenHeigth                           
00002b3a  Lcd_ScreenWidth                            
00002b3c  Lcd_TouchTrim                              
000004c4  MAC                                        
000004da  MAC32H                                     
000004db  MAC32H_H                                   
000004da  MAC32H_L                                   
000004d8  MAC32L                                     
000004d9  MAC32L_H                                   
000004d8  MAC32L_L                                   
000004c6  MACS                                       
000004de  MACS32H                                    
000004df  MACS32H_H                                  
000004de  MACS32H_L                                  
000004dc  MACS32L                                    
000004dd  MACS32L_H                                  
000004dc  MACS32L_L                                  
000004c7  MACS_H                                     
000004c6  MACS_L                                     
000004c5  MAC_H                                      
000004c4  MAC_L                                      
000004c0  MPY                                        
000004ec  MPY32CTL0                                  
000004ed  MPY32CTL0_H                                
000004ec  MPY32CTL0_L                                
000004d2  MPY32H                                     
000004d3  MPY32H_H                                   
000004d2  MPY32H_L                                   
000004d0  MPY32L                                     
000004d1  MPY32L_H                                   
000004d0  MPY32L_L                                   
000004c2  MPYS                                       
000004d6  MPYS32H                                    
000004d7  MPYS32H_H                                  
000004d6  MPYS32H_L                                  
000004d4  MPYS32L                                    
000004d5  MPYS32L_H                                  
000004d4  MPYS32L_L                                  
000004c3  MPYS_H                                     
000004c2  MPYS_L                                     
000004c1  MPY_H                                      
000004c0  MPY_L                                      
000004c8  OP2                                        
000004e2  OP2H                                       
000004e3  OP2H_H                                     
000004e2  OP2H_L                                     
000004e0  OP2L                                       
000004e1  OP2L_H                                     
000004e0  OP2L_L                                     
000004c9  OP2_H                                      
000004c8  OP2_L                                      
00011d96  OPT3001_getLux                             
00014376  OPT3001_init                               
0000020e  P1IV                                       
0000021e  P2IV                                       
000001e0  P4MAP01                                    
000001e1  P4MAP01_H                                  
000001e0  P4MAP01_L                                  
000001e2  P4MAP23                                    
000001e3  P4MAP23_H                                  
000001e2  P4MAP23_L                                  
000001e4  P4MAP45                                    
000001e5  P4MAP45_H                                  
000001e4  P4MAP45_L                                  
000001e6  P4MAP67                                    
000001e7  P4MAP67_H                                  
000001e6  P4MAP67_L                                  
00000204  PADIR                                      
00000205  PADIR_H                                    
00000204  PADIR_L                                    
00000208  PADS                                       
00000209  PADS_H                                     
00000208  PADS_L                                     
0000021a  PAIE                                       
00000218  PAIES                                      
00000219  PAIES_H                                    
00000218  PAIES_L                                    
0000021b  PAIE_H                                     
0000021a  PAIE_L                                     
0000021c  PAIFG                                      
0000021d  PAIFG_H                                    
0000021c  PAIFG_L                                    
00000200  PAIN                                       
00000201  PAIN_H                                     
00000200  PAIN_L                                     
00000202  PAOUT                                      
00000203  PAOUT_H                                    
00000202  PAOUT_L                                    
00000206  PAREN                                      
00000207  PAREN_H                                    
00000206  PAREN_L                                    
0000020a  PASEL                                      
0000020b  PASEL_H                                    
0000020a  PASEL_L                                    
00000224  PBDIR                                      
00000225  PBDIR_H                                    
00000224  PBDIR_L                                    
00000228  PBDS                                       
00000229  PBDS_H                                     
00000228  PBDS_L                                     
00000220  PBIN                                       
00000221  PBIN_H                                     
00000220  PBIN_L                                     
00000222  PBOUT                                      
00000223  PBOUT_H                                    
00000222  PBOUT_L                                    
00000226  PBREN                                      
00000227  PBREN_H                                    
00000226  PBREN_L                                    
0000022a  PBSEL                                      
0000022b  PBSEL_H                                    
0000022a  PBSEL_L                                    
00000244  PCDIR                                      
00000245  PCDIR_H                                    
00000244  PCDIR_L                                    
00000248  PCDS                                       
00000249  PCDS_H                                     
00000248  PCDS_L                                     
00000240  PCIN                                       
00000241  PCIN_H                                     
00000240  PCIN_L                                     
00000242  PCOUT                                      
00000243  PCOUT_H                                    
00000242  PCOUT_L                                    
00000246  PCREN                                      
00000247  PCREN_H                                    
00000246  PCREN_L                                    
0000024a  PCSEL                                      
0000024b  PCSEL_H                                    
0000024a  PCSEL_L                                    
00000264  PDDIR                                      
00000265  PDDIR_H                                    
00000264  PDDIR_L                                    
00000268  PDDS                                       
00000269  PDDS_H                                     
00000268  PDDS_L                                     
00000260  PDIN                                       
00000261  PDIN_H                                     
00000260  PDIN_L                                     
00000262  PDOUT                                      
00000263  PDOUT_H                                    
00000262  PDOUT_L                                    
00000266  PDREN                                      
00000267  PDREN_H                                    
00000266  PDREN_L                                    
0000026a  PDSEL                                      
0000026b  PDSEL_H                                    
0000026a  PDSEL_L                                    
00000324  PJDIR                                      
00000325  PJDIR_H                                    
00000324  PJDIR_L                                    
00000328  PJDS                                       
00000329  PJDS_H                                     
00000328  PJDS_L                                     
00000320  PJIN                                       
00000321  PJIN_H                                     
00000320  PJIN_L                                     
00000322  PJOUT                                      
00000323  PJOUT_H                                    
00000322  PJOUT_L                                    
00000326  PJREN                                      
00000327  PJREN_H                                    
00000326  PJREN_L                                    
00000130  PM5CTL0                                    
00000131  PM5CTL0_H                                  
00000130  PM5CTL0_L                                  
000001c2  PMAPCTL                                    
000001c3  PMAPCTL_H                                  
000001c2  PMAPCTL_L                                  
000001c0  PMAPKEYID                                  
000001c1  PMAPKEYID_H                                
000001c0  PMAPKEYID_L                                
00000120  PMMCTL0                                    
00000121  PMMCTL0_H                                  
00000120  PMMCTL0_L                                  
00000122  PMMCTL1                                    
00000123  PMMCTL1_H                                  
00000122  PMMCTL1_L                                  
0000012c  PMMIFG                                     
0000012d  PMMIFG_H                                   
0000012c  PMMIFG_L                                   
0000012e  PMMRIE                                     
0000012f  PMMRIE_H                                   
0000012e  PMMRIE_L                                   
00012e54  PMM_setVCore                               
000128d2  PMM_setVCoreDown                           
000124fe  PMM_setVCoreUp                             
00000158  RCCTL0                                     
00000159  RCCTL0_H                                   
00000158  RCCTL0_L                                   
000001b0  REFCTL0                                    
000001b1  REFCTL0_H                                  
000001b0  REFCTL0_L                                  
000004e4  RES0                                       
000004e5  RES0_H                                     
000004e4  RES0_L                                     
000004e6  RES1                                       
000004e7  RES1_H                                     
000004e6  RES1_L                                     
000004e8  RES2                                       
000004e9  RES2_H                                     
000004e8  RES2_L                                     
000004ea  RES3                                       
000004eb  RES3_H                                     
000004ea  RES3_L                                     
000004cc  RESHI                                      
000004cd  RESHI_H                                    
000004cc  RESHI_L                                    
000004ca  RESLO                                      
000004cb  RESLO_H                                    
000004ca  RESLO_L                                    
000004ba  RTCADOWDAY                                 
000004bb  RTCADOWDAY_H                               
000004ba  RTCADOWDAY_L                               
000004b8  RTCAMINHR                                  
000004b9  RTCAMINHR_H                                
000004b8  RTCAMINHR_L                                
000004a0  RTCCTL01                                   
000004a1  RTCCTL01_H                                 
000004a0  RTCCTL01_L                                 
000004a2  RTCCTL23                                   
000004a3  RTCCTL23_H                                 
000004a2  RTCCTL23_L                                 
000004b4  RTCDATE                                    
000004b5  RTCDATE_H                                  
000004b4  RTCDATE_L                                  
000004ae  RTCIV                                      
000004ac  RTCPS                                      
000004a8  RTCPS0CTL                                  
000004a9  RTCPS0CTL_H                                
000004a8  RTCPS0CTL_L                                
000004aa  RTCPS1CTL                                  
000004ab  RTCPS1CTL_H                                
000004aa  RTCPS1CTL_L                                
000004ad  RTCPS_H                                    
000004ac  RTCPS_L                                    
000004b0  RTCTIM0                                    
000004b1  RTCTIM0_H                                  
000004b0  RTCTIM0_L                                  
000004b2  RTCTIM1                                    
000004b3  RTCTIM1_H                                  
000004b2  RTCTIM1_L                                  
000004b6  RTCYEAR                                    
000004b7  RTCYEAR_H                                  
000004b6  RTCYEAR_L                                  
00000100  SFRIE1                                     
00000101  SFRIE1_H                                   
00000100  SFRIE1_L                                   
00000102  SFRIFG1                                    
00000103  SFRIFG1_H                                  
00000102  SFRIFG1_L                                  
00000104  SFRRPCR                                    
00000105  SFRRPCR_H                                  
00000104  SFRRPCR_L                                  
000004ce  SUMEXT                                     
000004cf  SUMEXT_H                                   
000004ce  SUMEXT_L                                   
00000124  SVSMHCTL                                   
00000125  SVSMHCTL_H                                 
00000124  SVSMHCTL_L                                 
00000128  SVSMIO                                     
00000129  SVSMIO_H                                   
00000128  SVSMIO_L                                   
00000126  SVSMLCTL                                   
00000127  SVSMLCTL_H                                 
00000126  SVSMLCTL_L                                 
00000198  SYSBERRIV                                  
00000199  SYSBERRIV_H                                
00000198  SYSBERRIV_L                                
00000182  SYSBSLC                                    
00000183  SYSBSLC_H                                  
00000182  SYSBSLC_L                                  
00000180  SYSCTL                                     
00000181  SYSCTL_H                                   
00000180  SYSCTL_L                                   
00000186  SYSJMBC                                    
00000187  SYSJMBC_H                                  
00000186  SYSJMBC_L                                  
00000188  SYSJMBI0                                   
00000189  SYSJMBI0_H                                 
00000188  SYSJMBI0_L                                 
0000018a  SYSJMBI1                                   
0000018b  SYSJMBI1_H                                 
0000018a  SYSJMBI1_L                                 
0000018c  SYSJMBO0                                   
0000018d  SYSJMBO0_H                                 
0000018c  SYSJMBO0_L                                 
0000018e  SYSJMBO1                                   
0000018f  SYSJMBO1_H                                 
0000018e  SYSJMBO1_L                                 
0000019e  SYSRSTIV                                   
0000019f  SYSRSTIV_H                                 
0000019e  SYSRSTIV_L                                 
0000019c  SYSSNIV                                    
0000019d  SYSSNIV_H                                  
0000019c  SYSSNIV_L                                  
0000019a  SYSUNIV                                    
0000019b  SYSUNIV_H                                  
0000019a  SYSUNIV_L                                  
00000352  TA0CCR0                                    
00000354  TA0CCR1                                    
00000356  TA0CCR2                                    
00000358  TA0CCR3                                    
0000035a  TA0CCR4                                    
00000342  TA0CCTL0                                   
00000344  TA0CCTL1                                   
00000346  TA0CCTL2                                   
00000348  TA0CCTL3                                   
0000034a  TA0CCTL4                                   
00000340  TA0CTL                                     
00000360  TA0EX0                                     
0000036e  TA0IV                                      
00000350  TA0R                                       
00000392  TA1CCR0                                    
00000394  TA1CCR1                                    
00000396  TA1CCR2                                    
00000382  TA1CCTL0                                   
00000384  TA1CCTL1                                   
00000386  TA1CCTL2                                   
00000380  TA1CTL                                     
000003a0  TA1EX0                                     
000003ae  TA1IV                                      
00000390  TA1R                                       
00000412  TA2CCR0                                    
00000414  TA2CCR1                                    
00000416  TA2CCR2                                    
00000402  TA2CCTL0                                   
00000404  TA2CCTL1                                   
00000406  TA2CCTL2                                   
00000400  TA2CTL                                     
00000420  TA2EX0                                     
0000042e  TA2IV                                      
00000410  TA2R                                       
000003d2  TB0CCR0                                    
000003d4  TB0CCR1                                    
000003d6  TB0CCR2                                    
000003d8  TB0CCR3                                    
000003da  TB0CCR4                                    
000003dc  TB0CCR5                                    
000003de  TB0CCR6                                    
000003c2  TB0CCTL0                                   
000003c4  TB0CCTL1                                   
000003c6  TB0CCTL2                                   
000003c8  TB0CCTL3                                   
000003ca  TB0CCTL4                                   
000003cc  TB0CCTL5                                   
000003ce  TB0CCTL6                                   
000003c0  TB0CTL                                     
000003e0  TB0EX0                                     
000003ee  TB0IV                                      
000003d0  TB0R                                       
00004400  TIMER0_A1_ISR                              
0001431a  Timer_A_clearCaptureCompareInterrupt       
0001441a  Timer_A_clearTimerInterrupt                
00014288  Timer_A_getCaptureCompareInterruptStatus   
000132ae  Timer_A_initCompareMode                    
00012c88  Timer_A_initUpMode                         
00014148  Timer_A_setCompareValue                    
00013f52  Timer_A_setOutputMode                      
000141ea  Timer_A_startCounter                       
000005d0  UCA0ABCTL                                  
000005c6  UCA0BRW                                    
000005c7  UCA0BRW_H                                  
000005c6  UCA0BRW_L                                  
000005c0  UCA0CTLW0                                  
000005c1  UCA0CTLW0_H                                
000005c0  UCA0CTLW0_L                                
000005dc  UCA0ICTL                                   
000005dd  UCA0ICTL_H                                 
000005dc  UCA0ICTL_L                                 
000005d2  UCA0IRCTL                                  
000005d3  UCA0IRCTL_H                                
000005d2  UCA0IRCTL_L                                
000005de  UCA0IV                                     
000005c8  UCA0MCTL                                   
000005cc  UCA0RXBUF                                  
000005ca  UCA0STAT                                   
000005ce  UCA0TXBUF                                  
00000610  UCA1ABCTL                                  
00000606  UCA1BRW                                    
00000607  UCA1BRW_H                                  
00000606  UCA1BRW_L                                  
00000600  UCA1CTLW0                                  
00000601  UCA1CTLW0_H                                
00000600  UCA1CTLW0_L                                
0000061c  UCA1ICTL                                   
0000061d  UCA1ICTL_H                                 
0000061c  UCA1ICTL_L                                 
00000612  UCA1IRCTL                                  
00000613  UCA1IRCTL_H                                
00000612  UCA1IRCTL_L                                
0000061e  UCA1IV                                     
00000608  UCA1MCTL                                   
0000060c  UCA1RXBUF                                  
0000060a  UCA1STAT                                   
0000060e  UCA1TXBUF                                  
000005e6  UCB0BRW                                    
000005e7  UCB0BRW_H                                  
000005e6  UCB0BRW_L                                  
000005e0  UCB0CTLW0                                  
000005e1  UCB0CTLW0_H                                
000005e0  UCB0CTLW0_L                                
000005f0  UCB0I2COA                                  
000005f1  UCB0I2COA_H                                
000005f0  UCB0I2COA_L                                
000005f2  UCB0I2CSA                                  
000005f3  UCB0I2CSA_H                                
000005f2  UCB0I2CSA_L                                
000005fc  UCB0ICTL                                   
000005fd  UCB0ICTL_H                                 
000005fc  UCB0ICTL_L                                 
000005fe  UCB0IV                                     
000005ec  UCB0RXBUF                                  
000005ea  UCB0STAT                                   
000005ee  UCB0TXBUF                                  
00000626  UCB1BRW                                    
00000627  UCB1BRW_H                                  
00000626  UCB1BRW_L                                  
00000620  UCB1CTLW0                                  
00000621  UCB1CTLW0_H                                
00000620  UCB1CTLW0_L                                
00000630  UCB1I2COA                                  
00000631  UCB1I2COA_H                                
00000630  UCB1I2COA_L                                
00000632  UCB1I2CSA                                  
00000633  UCB1I2CSA_H                                
00000632  UCB1I2CSA_L                                
0000063c  UCB1ICTL                                   
0000063d  UCB1ICTL_H                                 
0000063c  UCB1ICTL_L                                 
0000063e  UCB1IV                                     
0000062c  UCB1RXBUF                                  
0000062a  UCB1STAT                                   
0000062e  UCB1TXBUF                                  
00000160  UCSCTL0                                    
00000161  UCSCTL0_H                                  
00000160  UCSCTL0_L                                  
00000162  UCSCTL1                                    
00000163  UCSCTL1_H                                  
00000162  UCSCTL1_L                                  
00000164  UCSCTL2                                    
00000165  UCSCTL2_H                                  
00000164  UCSCTL2_L                                  
00000166  UCSCTL3                                    
00000167  UCSCTL3_H                                  
00000166  UCSCTL3_L                                  
00000168  UCSCTL4                                    
00000169  UCSCTL4_H                                  
00000168  UCSCTL4_L                                  
0000016a  UCSCTL5                                    
0000016b  UCSCTL5_H                                  
0000016a  UCSCTL5_L                                  
0000016c  UCSCTL6                                    
0000016d  UCSCTL6_H                                  
0000016c  UCSCTL6_L                                  
0000016e  UCSCTL7                                    
0000016f  UCSCTL7_H                                  
0000016e  UCSCTL7_L                                  
00000170  UCSCTL8                                    
00000171  UCSCTL8_H                                  
00000170  UCSCTL8_L                                  
00013eee  UCS_getSMCLK                               
0001260c  UCS_initClockSignal                        
000122a4  UCS_initFLL                                
000137c4  UCS_initFLLSettle                          
00000902  USBCNF                                     
00000903  USBCNF_H                                   
00000902  USBCNF_L                                   
0000093c  USBCTL                                     
0000093a  USBFN                                      
0000093b  USBFN_H                                    
0000093a  USBFN_L                                    
0000093f  USBFUNADR                                  
0000093d  USBIE                                      
00002378  USBIEP0BUF                                 
000023c9  USBIEPBBAX_1                               
000023d1  USBIEPBBAX_2                               
000023d9  USBIEPBBAX_3                               
000023e1  USBIEPBBAX_4                               
000023e9  USBIEPBBAX_5                               
000023f1  USBIEPBBAX_6                               
000023f9  USBIEPBBAX_7                               
000023cd  USBIEPBBAY_1                               
000023d5  USBIEPBBAY_2                               
000023dd  USBIEPBBAY_3                               
000023e5  USBIEPBBAY_4                               
000023ed  USBIEPBBAY_5                               
000023f5  USBIEPBBAY_6                               
000023fd  USBIEPBBAY_7                               
000023ca  USBIEPBCTX_1                               
000023d2  USBIEPBCTX_2                               
000023da  USBIEPBCTX_3                               
000023e2  USBIEPBCTX_4                               
000023ea  USBIEPBCTX_5                               
000023f2  USBIEPBCTX_6                               
000023fa  USBIEPBCTX_7                               
000023ce  USBIEPBCTY_1                               
000023d6  USBIEPBCTY_2                               
000023de  USBIEPBCTY_3                               
000023e6  USBIEPBCTY_4                               
000023ee  USBIEPBCTY_5                               
000023f6  USBIEPBCTY_6                               
000023fe  USBIEPBCTY_7                               
00000920  USBIEPCNF_0                                
000023c8  USBIEPCNF_1                                
000023d0  USBIEPCNF_2                                
000023d8  USBIEPCNF_3                                
000023e0  USBIEPCNF_4                                
000023e8  USBIEPCNF_5                                
000023f0  USBIEPCNF_6                                
000023f8  USBIEPCNF_7                                
00000921  USBIEPCNT_0                                
0000092e  USBIEPIE                                   
00000930  USBIEPIFG                                  
000023cf  USBIEPSIZXY_1                              
000023d7  USBIEPSIZXY_2                              
000023df  USBIEPSIZXY_3                              
000023e7  USBIEPSIZXY_4                              
000023ef  USBIEPSIZXY_5                              
000023f7  USBIEPSIZXY_6                              
000023ff  USBIEPSIZXY_7                              
0000093e  USBIFG                                     
00000900  USBKEYID                                   
00000901  USBKEYID_H                                 
00000900  USBKEYID_L                                 
00000936  USBMAINT                                   
00000937  USBMAINT_H                                 
00000936  USBMAINT_L                                 
00002370  USBOEP0BUF                                 
00002389  USBOEPBBAX_1                               
00002391  USBOEPBBAX_2                               
00002399  USBOEPBBAX_3                               
000023a1  USBOEPBBAX_4                               
000023a9  USBOEPBBAX_5                               
000023b1  USBOEPBBAX_6                               
000023b9  USBOEPBBAX_7                               
0000238d  USBOEPBBAY_1                               
00002395  USBOEPBBAY_2                               
0000239d  USBOEPBBAY_3                               
000023a5  USBOEPBBAY_4                               
000023ad  USBOEPBBAY_5                               
000023b5  USBOEPBBAY_6                               
000023bd  USBOEPBBAY_7                               
0000238a  USBOEPBCTX_1                               
00002392  USBOEPBCTX_2                               
0000239a  USBOEPBCTX_3                               
000023a2  USBOEPBCTX_4                               
000023aa  USBOEPBCTX_5                               
000023b2  USBOEPBCTX_6                               
000023ba  USBOEPBCTX_7                               
0000238e  USBOEPBCTY_1                               
00002396  USBOEPBCTY_2                               
0000239e  USBOEPBCTY_3                               
000023a6  USBOEPBCTY_4                               
000023ae  USBOEPBCTY_5                               
000023b6  USBOEPBCTY_6                               
000023be  USBOEPBCTY_7                               
00000922  USBOEPCNF_0                                
00002388  USBOEPCNF_1                                
00002390  USBOEPCNF_2                                
00002398  USBOEPCNF_3                                
000023a0  USBOEPCNF_4                                
000023a8  USBOEPCNF_5                                
000023b0  USBOEPCNF_6                                
000023b8  USBOEPCNF_7                                
00000923  USBOEPCNT_0                                
0000092f  USBOEPIE                                   
00000931  USBOEPIFG                                  
0000238f  USBOEPSIZXY_1                              
00002397  USBOEPSIZXY_2                              
0000239f  USBOEPSIZXY_3                              
000023a7  USBOEPSIZXY_4                              
000023af  USBOEPSIZXY_5                              
000023b7  USBOEPSIZXY_6                              
000023bf  USBOEPSIZXY_7                              
00000904  USBPHYCTL                                  
00000905  USBPHYCTL_H                                
00000904  USBPHYCTL_L                                
00000910  USBPLLCTL                                  
00000911  USBPLLCTL_H                                
00000910  USBPLLCTL_L                                
00000912  USBPLLDIVB                                 
00000913  USBPLLDIVB_H                               
00000912  USBPLLDIVB_L                               
00000914  USBPLLIR                                   
00000915  USBPLLIR_H                                 
00000914  USBPLLIR_L                                 
00000908  USBPWRCTL                                  
00000909  USBPWRCTL_H                                
00000908  USBPWRCTL_L                                
00001c00  USBSTABUFF                                 
00002380  USBSUBLK                                   
0000236f  USBTOPBUFF                                 
00000938  USBTSREG                                   
00000939  USBTSREG_H                                 
00000938  USBTSREG_L                                 
00000932  USBVECINT                                  
00000933  USBVECINT_H                                
00000932  USBVECINT_L                                
0001420a  USCI_B_I2C_clearInterrupt                  
00014428  USCI_B_I2C_disable                         
00014436  USCI_B_I2C_enable                          
000142a6  USCI_B_I2C_getInterruptStatus              
000133c4  USCI_B_I2C_initMaster                      
[...]
00000909  USBPWRCTL_H                                
00000910  USBPLLCTL                                  
00000910  USBPLLCTL_L                                
00000911  USBPLLCTL_H                                
00000912  USBPLLDIVB                                 
00000912  USBPLLDIVB_L                               
00000913  USBPLLDIVB_H                               
00000914  USBPLLIR                                   
00000914  USBPLLIR_L                                 
00000915  USBPLLIR_H                                 
00000920  USBIEPCNF_0                                
00000921  USBIEPCNT_0                                
00000922  USBOEPCNF_0                                
00000923  USBOEPCNT_0                                
0000092e  USBIEPIE                                   
0000092f  USBOEPIE                                   
00000930  USBIEPIFG                                  
00000931  USBOEPIFG                                  
00000932  USBVECINT                                  
00000932  USBVECINT_L                                
00000933  USBVECINT_H                                
00000936  USBMAINT                                   
00000936  USBMAINT_L                                 
00000937  USBMAINT_H                                 
00000938  USBTSREG                                   
00000938  USBTSREG_L                                 
00000939  USBTSREG_H                                 
0000093a  USBFN                                      
0000093a  USBFN_L                                    
0000093b  USBFN_H                                    
0000093c  USBCTL                                     
0000093d  USBIE                                      
0000093e  USBIFG                                     
0000093f  USBFUNADR                                  
00001c00  USBSTABUFF                                 
0000236f  USBTOPBUFF                                 
00002370  USBOEP0BUF                                 
00002378  USBIEP0BUF                                 
00002380  USBSUBLK                                   
00002388  USBOEPCNF_1                                
00002389  USBOEPBBAX_1                               
0000238a  USBOEPBCTX_1                               
0000238d  USBOEPBBAY_1                               
0000238e  USBOEPBCTY_1                               
0000238f  USBOEPSIZXY_1                              
00002390  USBOEPCNF_2                                
00002391  USBOEPBBAX_2                               
00002392  USBOEPBCTX_2                               
00002395  USBOEPBBAY_2                               
00002396  USBOEPBCTY_2                               
00002397  USBOEPSIZXY_2                              
00002398  USBOEPCNF_3                                
00002399  USBOEPBBAX_3                               
0000239a  USBOEPBCTX_3                               
0000239d  USBOEPBBAY_3                               
0000239e  USBOEPBCTY_3                               
0000239f  USBOEPSIZXY_3                              
000023a0  USBOEPCNF_4                                
000023a1  USBOEPBBAX_4                               
000023a2  USBOEPBCTX_4                               
000023a5  USBOEPBBAY_4                               
000023a6  USBOEPBCTY_4                               
000023a7  USBOEPSIZXY_4                              
000023a8  USBOEPCNF_5                                
000023a9  USBOEPBBAX_5                               
000023aa  USBOEPBCTX_5                               
000023ad  USBOEPBBAY_5                               
000023ae  USBOEPBCTY_5                               
000023af  USBOEPSIZXY_5                              
000023b0  USBOEPCNF_6                                
000023b1  USBOEPBBAX_6                               
000023b2  USBOEPBCTX_6                               
000023b5  USBOEPBBAY_6                               
000023b6  USBOEPBCTY_6                               
000023b7  USBOEPSIZXY_6                              
000023b8  USBOEPCNF_7                                
000023b9  USBOEPBBAX_7                               
000023ba  USBOEPBCTX_7                               
000023bd  USBOEPBBAY_7                               
000023be  USBOEPBCTY_7                               
000023bf  USBOEPSIZXY_7                              
000023c8  USBIEPCNF_1                                
000023c9  USBIEPBBAX_1                               
000023ca  USBIEPBCTX_1                               
000023cd  USBIEPBBAY_1                               
000023ce  USBIEPBCTY_1                               
000023cf  USBIEPSIZXY_1                              
000023d0  USBIEPCNF_2                                
000023d1  USBIEPBBAX_2                               
000023d2  USBIEPBCTX_2                               
000023d5  USBIEPBBAY_2                               
000023d6  USBIEPBCTY_2                               
000023d7  USBIEPSIZXY_2                              
000023d8  USBIEPCNF_3                                
000023d9  USBIEPBBAX_3                               
000023da  USBIEPBCTX_3                               
000023dd  USBIEPBBAY_3                               
000023de  USBIEPBCTY_3                               
000023df  USBIEPSIZXY_3                              
000023e0  USBIEPCNF_4                                
000023e1  USBIEPBBAX_4                               
000023e2  USBIEPBCTX_4                               
000023e5  USBIEPBBAY_4                               
000023e6  USBIEPBCTY_4                               
000023e7  USBIEPSIZXY_4                              
000023e8  USBIEPCNF_5                                
000023e9  USBIEPBBAX_5                               
000023ea  USBIEPBCTX_5                               
000023ed  USBIEPBBAY_5                               
000023ee  USBIEPBCTY_5                               
000023ef  USBIEPSIZXY_5                              
000023f0  USBIEPCNF_6                                
000023f1  USBIEPBBAX_6                               
000023f2  USBIEPBCTX_6                               
000023f5  USBIEPBBAY_6                               
000023f6  USBIEPBCTY_6                               
000023f7  USBIEPSIZXY_6                              
000023f8  USBIEPCNF_7                                
000023f9  USBIEPBBAX_7                               
000023fa  USBIEPBCTX_7                               
000023fd  USBIEPBBAY_7                               
000023fe  USBIEPBCTY_7                               
000023ff  USBIEPSIZXY_7                              
00002400  adjustBacklightStack                       
00002500  drawAliensStack                            
00002600  drawBombsStack                             
00002700  drawBulletsStack                           
00002800  drawExplosionsStack                        
00002900  drawSpacecraftStack                        
00002a00  bullets                                    
00002a28  explosions                                 
00002a50  previousBullets                            
00002a78  g_sContext                                 
00002a94  bombs                                      
00002aac  previousbombs                              
00002ac4  stack_pointer                              
00002adc  aliens                                     
00002ae8  previousAliens                             
00002af4  alienRect                                  
00002afc  bombRect                                   
00002b04  bulletsRect                                
00002b0c  explosionRect                              
00002b14  previousSpacecraftPosition                 
00002b1c  spacecraftPosition                         
00002b24  spacecraftRect                             
00002b2c  lux                                        
00002b30  luxDiff                                    
00002b34  tempSP                                     
00002b38  Lcd_ScreenHeigth                           
00002b3a  Lcd_ScreenWidth                            
00002b3c  Lcd_TouchTrim                              
00002b3e  Lcd_FlagRead                               
00002b3f  Lcd_FontSolid                              
00002b40  Lcd_Orientation                            
00002b41  Lcd_PenSolid                               
00002b42  currentFireButtonState                     
00002b43  currentRunningTask                         
00002b44  previousFireButtonState                    
00002b46  g_sCrystalfontz128x128                     
00002b72  graphicsSemaphore                          
00002b84  drawAliensGraphicsCaller                   
00002b8a  drawBombsGraphicsCaller                    
00002b90  drawBulletsGraphicsCaller                  
00002b96  drawExplosionsGraphicsCaller               
00002b9c  drawSpacecraftGraphicsCaller               
00002ba2  pwmFireCounter                             
00002ba3  pwmExplosionCounter                        
00002ba4  spacecraftIsDestroyed                      
00002ba5  currentBullet                              
00002ba6  currentBomb                                
00002ba7  bombTimerCounter                           
00002ba8  prevLux                                    
00004360  _stack                                     
00004400  TIMER0_A1_ISR                              
00004400  __STACK_END                                
00004470  pushButtonISR                              
0000448e  _c_int00_noargs                            
000044aa  __TI_ISR_TRAP                              
000047aa  g_sFontFixed6x8                            
00004962  __TI_Handler_Table_Base                    
0000496e  __TI_Handler_Table_Limit                   
00004974  __TI_CINIT_Base                            
00004984  __TI_CINIT_Limit                           
0000ffd2  __TI_int41                                 
0000ffd4  __TI_int42                                 
0000ffd6  __TI_int43                                 
0000ffd8  __TI_int44                                 
0000ffda  __TI_int45                                 
0000ffdc  __TI_int46                                 
0000ffde  __TI_int47                                 
0000ffe0  __TI_int48                                 
0000ffe2  __TI_int49                                 
0000ffe4  __TI_int50                                 
0000ffe6  __TI_int51                                 
0000ffe8  __TI_int52                                 
0000ffea  __TI_int53                                 
0000ffec  __TI_int54                                 
0000ffee  __TI_int55                                 
0000fff0  __TI_int56                                 
0000fff2  __TI_int57                                 
0000fff4  __TI_int58                                 
0000fff6  __TI_int59                                 
0000fff8  __TI_int60                                 
0000fffa  __TI_int61                                 
0000fffc  __TI_int62                                 
0000fffe  _reset_vector                              
00010000  Graphics_fillCircle                        
00010562  drawBullets                                
00010a66  drawBombs                                  
00010ece  drawExplosions                             
0001119c  drawAliens                                 
00011616  initTimers                                 
00011962  drawSpacecraft                             
00011ae4  initObjects                                
00011d96  OPT3001_getLux                             
00011eec  Graphics_drawLineH                         
00012030  Crystalfontz128x128_Init                   
00012172  __mspabi_subf                              
00012178  __mspabi_addf                              
000122a4  UCS_initFLL                                
000123d2  initializeStack                            
000124fe  PMM_setVCoreUp                             
0001260c  UCS_initClockSignal                        
0001270a  adjustBacklight                            
00012802  Crystalfontz128x128_SetDrawFrame           
000128d2  PMM_setVCoreDown                           
0001299a  I2C_read16                                 
00012a58  Graphics_fillRectangle                     
00012b14  main                                       
00012bd0  __mspabi_mpyf                              
00012c88  Timer_A_initUpMode                         
00012dc8  initJoystickADC                            
00012e54  PMM_setVCore                               
00012edc  USCI_B_SPI_initMaster                      
00012f5c  ADC12_A_init                               
00012fd4  Graphics_initContext                       
0001304c  __TI_decompress_lzss                       
000130c2  GPIO_setAsInputPinWithPullUpResistor       
0001312a  mapValToRange                              
00013192  wait                                       
000132ae  Timer_A_initCompareMode                    
0001330c  GPIO_selectInterruptEdge                   
00013368  GPIO_setAsInputPin                         
000133c4  USCI_B_I2C_initMaster                      
00013420  USCI_B_I2C_masterSendMultiByteStart        
0001347a  initGPIO                                   
0001352c  Crystalfontz128x128_SetOrientation         
00013584  __mspabi_divul                             
00013584  __mspabi_remul                             
000135dc  I2C_write16                                
00013632  HAL_LCD_SpiInit                            
00013686  __TI_auto_init_nobinit_nopinit_hold_wdt    
000136da  ADC12_A_startConversion                    
00013728  GPIO_setAsOutputPin                        
00013776  GPIO_setAsPeripheralModuleFunctionOutputPin
000137c4  UCS_initFLLSettle                          
00013812  GPIO_getInputPinValue                      
0001385e  removeCallerFromSem                        
000138aa  __mspabi_cmpf                              
000138f4  addCallerToSem                             
0001393a  __mspabi_fixfu                             
00013980  USCI_B_I2C_masterSendMultiByteFinish       
000139c4  startScheduler                             
00013a08  ADC12_A_setupSamplingTimer                 
00013a8c  GPIO_clearInterrupt                        
00013ace  GPIO_enableInterrupt                       
00013b10  GPIO_setOutputHighOnPin                    
00013b50  GPIO_setOutputLowOnPin                     
00013b90  __mspabi_divli                             
00013b90  __mspabi_remli                             
00013bd0  Graphics_setBackgroundColor                
00013c0e  I2C_init                                   
00013c4c  __mspabi_slll_15                           
00013c50  __mspabi_slll_14                           
00013c54  __mspabi_slll_13                           
00013c58  __mspabi_slll_12                           
00013c5c  __mspabi_slll_11                           
00013c60  __mspabi_slll_10                           
00013c64  __mspabi_slll_9                            
00013c68  __mspabi_slll_8                            
00013c6c  __mspabi_slll_7                            
00013c70  __mspabi_slll_6                            
00013c74  __mspabi_slll_5                            
00013c78  __mspabi_slll_4                            
00013c7c  __mspabi_slll_3                            
00013c80  __mspabi_slll_2                            
00013c84  __mspabi_slll_1                            
00013c8a  __mspabi_srll_15                           
00013c8e  __mspabi_srll_14                           
00013c92  __mspabi_srll_13                           
00013c96  __mspabi_srll_12                           
00013c9a  __mspabi_srll_11                           
00013c9e  __mspabi_srll_10                           
00013ca2  __mspabi_srll_9                            
00013ca6  __mspabi_srll_8                            
00013caa  __mspabi_srll_7                            
00013cae  __mspabi_srll_6                            
00013cb2  __mspabi_srll_5                            
00013cb6  __mspabi_srll_4                            
00013cba  __mspabi_srll_3                            
00013cbe  __mspabi_srll_2                            
00013cc2  __mspabi_srll_1                            
00013cc8  HAL_LCD_writeCommand                       
00013d04  signal                                     
00013d40  ADC12_A_configureMemory                    
00013d7a  Graphics_drawHorizontalLineOnDisplay       
00013db4  Graphics_isRectangleOverlap                
00013e20  HAL_LCD_PortInit                           
00013e54  USCI_B_I2C_masterReceiveMultiByteFinish    
00013e88  USCI_B_I2C_masterSendMultiByteNext         
00013ebc  Graphics_setForegroundColor                
00013eee  UCS_getSMCLK                               
00013f20  __mspabi_fltulf                            
00013f52  Timer_A_setOutputMode                      
00013f82  WDT_A_hold                                 
00013fb2  Graphics_setFont                           
00013fe0  HAL_LCD_writeData                          
0001400c  __mspabi_divi                              
0001400c  __mspabi_remi                              
00014038  ADC12_A_setResolution                      
00014062  addTaskToScheduler                         
0001408c  initClocks                                 
000140b6  __mspabi_mpyl                              
000140b6  __mspabi_mpyl_sw                           
000140dc  Graphics_translateColorOnDisplay           
00014100  USCI_B_I2C_masterSendMultiByteStop         
00014124  __TI_zero_init                             
00014148  Timer_A_setCompareValue                    
0001416a  ADC12_A_clearInterrupt                     
0001418a  ADC12_A_getResults                         
000141aa  Graphics_fillRectangleOnDisplay            
000141ca  I2C_setslave                               
000141ea  Timer_A_startCounter                       
0001420a  USCI_B_I2C_clearInterrupt                  
0001422a  USCI_B_I2C_setMode                         
0001424a  USCI_B_I2C_setSlaveAddress                 
0001426a  ADC12_A_getInterruptStatus                 
00014288  Timer_A_getCaptureCompareInterruptStatus   
000142a6  USCI_B_I2C_getInterruptStatus              
000142c4  USCI_B_SPI_transmitData                    
000142e2  Graphics_clearDisplay                      
000142fe  Graphics_clearDisplayOnDisplay             
0001431a  Timer_A_clearCaptureCompareInterrupt       
00014334  USCI_B_I2C_isBusBusy                       
0001434a  USCI_B_I2C_masterReceiveMultiByteStart     
00014360  __mspabi_divu                              
00014360  __mspabi_remu                              
00014376  OPT3001_init                               
0001438a  USCI_B_SPI_isBusy                          
0001439e  memcpy                                     
000143b2  __mspabi_mpyi                              
000143b2  __mspabi_mpyi_sw                           
000143c6  Init_I2C_GPIO                              
000143d8  USCI_B_I2C_masterReceiveMultiByteNext      
000143ea  __TI_decompress_none                       
000143fc  ADC12_A_enable                             
0001441a  Timer_A_clearTimerInterrupt                
00014428  USCI_B_I2C_disable                         
00014436  USCI_B_I2C_enable                          
00014444  USCI_B_SPI_enable                          
00014452  __mspabi_slli                              
0001445c  __mspabi_srli                              
00014466  C$$EXIT                                    
00014466  abort                                      
0001446c  _system_pre_init                           
00014470  _system_post_cinit                         
ffffffff  __TI_pprof_out_hndl                        
ffffffff  __TI_prof_data_size                        
ffffffff  __TI_prof_data_start                       
ffffffff  __c_args__                                 

[996 symbols]
