<?xml version="1.0" encoding="ISO-8859-1" ?>
<link_info>
   <banner>MSP430 Linker Unix v18.1.1.LTS</banner>
   <copyright>Copyright (c) 2003-2017 Texas Instruments Incorporated</copyright>
   <link_time>0x5af869dc</link_time>
   <link_errors>0x0</link_errors>
   <output_file>ECE554_C.out</output_file>
   <entry_point>
      <name>_c_int00_noargs</name>
      <address>0x448e</address>
   </entry_point>
   <input_file_list>
      <input_file id="fl-2">
         <path>./driverlib/MSP430F5xx_6xx/</path>
         <kind>object</kind>
         <file>adc10_a.obj</file>
         <name>adc10_a.obj</name>
      </input_file>
      <input_file id="fl-3">
         <path>./driverlib/MSP430F5xx_6xx/</path>
         <kind>object</kind>
         <file>adc12_a.obj</file>
         <name>adc12_a.obj</name>
      </input_file>
      <input_file id="fl-4">
         <path>./driverlib/MSP430F5xx_6xx/</path>
         <kind>object</kind>
         <file>aes.obj</file>
         <name>aes.obj</name>
      </input_file>
      <input_file id="fl-5">
         <path>./driverlib/MSP430F5xx_6xx/</path>
         <kind>object</kind>
         <file>battbak.obj</file>
         <name>battbak.obj</name>
      </input_file>
      <input_file id="fl-6">
         <path>./driverlib/MSP430F5xx_6xx/</path>
         <kind>object</kind>
         <file>comp_b.obj</file>
         <name>comp_b.obj</name>
      </input_file>
      <input_file id="fl-7">
         <path>./driverlib/MSP430F5xx_6xx/</path>
         <kind>object</kind>
         <file>crc.obj</file>
         <name>crc.obj</name>
      </input_file>
      <input_file id="fl-8">
         <path>./driverlib/MSP430F5xx_6xx/</path>
         <kind>object</kind>
         <file>ctsd16.obj</file>
         <name>ctsd16.obj</name>
      </input_file>
      <input_file id="fl-9">
         <path>./driverlib/MSP430F5xx_6xx/</path>
         <kind>object</kind>
         <file>dac12_a.obj</file>
         <name>dac12_a.obj</name>
      </input_file>
      <input_file id="fl-a">
         <path>./driverlib/MSP430F5xx_6xx/</path>
         <kind>object</kind>
         <file>dma.obj</file>
         <name>dma.obj</name>
      </input_file>
      <input_file id="fl-b">
         <path>./driverlib/MSP430F5xx_6xx/</path>
         <kind>object</kind>
         <file>eusci_a_spi.obj</file>
         <name>eusci_a_spi.obj</name>
      </input_file>
      <input_file id="fl-c">
         <path>./driverlib/MSP430F5xx_6xx/</path>
         <kind>object</kind>
         <file>eusci_a_uart.obj</file>
         <name>eusci_a_uart.obj</name>
      </input_file>
      <input_file id="fl-d">
         <path>./driverlib/MSP430F5xx_6xx/</path>
         <kind>object</kind>
         <file>eusci_b_i2c.obj</file>
         <name>eusci_b_i2c.obj</name>
      </input_file>
      <input_file id="fl-e">
         <path>./driverlib/MSP430F5xx_6xx/</path>
         <kind>object</kind>
         <file>eusci_b_spi.obj</file>
         <name>eusci_b_spi.obj</name>
      </input_file>
      <input_file id="fl-f">
         <path>./driverlib/MSP430F5xx_6xx/</path>
         <kind>object</kind>
         <file>flashctl.obj</file>
         <name>flashctl.obj</name>
      </input_file>
      <input_file id="fl-10">
         <path>./driverlib/MSP430F5xx_6xx/</path>
         <kind>object</kind>
         <file>gpio.obj</file>
         <name>gpio.obj</name>
      </input_file>
      <input_file id="fl-11">
         <path>./driverlib/MSP430F5xx_6xx/</path>
         <kind>object</kind>
         <file>lcd_b.obj</file>
         <name>lcd_b.obj</name>
      </input_file>
      <input_file id="fl-12">
         <path>./driverlib/MSP430F5xx_6xx/</path>
         <kind>object</kind>
         <file>ldopwr.obj</file>
         <name>ldopwr.obj</name>
      </input_file>
      <input_file id="fl-13">
         <path>./driverlib/MSP430F5xx_6xx/</path>
         <kind>object</kind>
         <file>mpy32.obj</file>
         <name>mpy32.obj</name>
      </input_file>
      <input_file id="fl-14">
         <path>./driverlib/MSP430F5xx_6xx/</path>
         <kind>object</kind>
         <file>oa.obj</file>
         <name>oa.obj</name>
      </input_file>
      <input_file id="fl-15">
         <path>./driverlib/MSP430F5xx_6xx/</path>
         <kind>object</kind>
         <file>pmap.obj</file>
         <name>pmap.obj</name>
      </input_file>
      <input_file id="fl-16">
         <path>./driverlib/MSP430F5xx_6xx/</path>
         <kind>object</kind>
         <file>pmm.obj</file>
         <name>pmm.obj</name>
      </input_file>
      <input_file id="fl-17">
         <path>./driverlib/MSP430F5xx_6xx/</path>
         <kind>object</kind>
         <file>ram.obj</file>
         <name>ram.obj</name>
      </input_file>
      <input_file id="fl-18">
         <path>./driverlib/MSP430F5xx_6xx/</path>
         <kind>object</kind>
         <file>ref.obj</file>
         <name>ref.obj</name>
      </input_file>
      <input_file id="fl-19">
         <path>./driverlib/MSP430F5xx_6xx/</path>
         <kind>object</kind>
         <file>rtc_a.obj</file>
         <name>rtc_a.obj</name>
      </input_file>
      <input_file id="fl-1a">
         <path>./driverlib/MSP430F5xx_6xx/</path>
         <kind>object</kind>
         <file>rtc_b.obj</file>
         <name>rtc_b.obj</name>
      </input_file>
      <input_file id="fl-1b">
         <path>./driverlib/MSP430F5xx_6xx/</path>
         <kind>object</kind>
         <file>rtc_c.obj</file>
         <name>rtc_c.obj</name>
      </input_file>
      <input_file id="fl-1c">
         <path>./driverlib/MSP430F5xx_6xx/</path>
         <kind>object</kind>
         <file>sd24_b.obj</file>
         <name>sd24_b.obj</name>
      </input_file>
      <input_file id="fl-1d">
         <path>./driverlib/MSP430F5xx_6xx/</path>
         <kind>object</kind>
         <file>sfr.obj</file>
         <name>sfr.obj</name>
      </input_file>
      <input_file id="fl-1e">
         <path>./driverlib/MSP430F5xx_6xx/</path>
         <kind>object</kind>
         <file>sysctl.obj</file>
         <name>sysctl.obj</name>
      </input_file>
      <input_file id="fl-1f">
         <path>./driverlib/MSP430F5xx_6xx/</path>
         <kind>object</kind>
         <file>tec.obj</file>
         <name>tec.obj</name>
      </input_file>
      <input_file id="fl-20">
         <path>./driverlib/MSP430F5xx_6xx/</path>
         <kind>object</kind>
         <file>timer_a.obj</file>
         <name>timer_a.obj</name>
      </input_file>
      <input_file id="fl-21">
         <path>./driverlib/MSP430F5xx_6xx/</path>
         <kind>object</kind>
         <file>timer_b.obj</file>
         <name>timer_b.obj</name>
      </input_file>
      <input_file id="fl-22">
         <path>./driverlib/MSP430F5xx_6xx/</path>
         <kind>object</kind>
         <file>timer_d.obj</file>
         <name>timer_d.obj</name>
      </input_file>
      <input_file id="fl-23">
         <path>./driverlib/MSP430F5xx_6xx/</path>
         <kind>object</kind>
         <file>tlv.obj</file>
         <name>tlv.obj</name>
      </input_file>
      <input_file id="fl-24">
         <path>./driverlib/MSP430F5xx_6xx/</path>
         <kind>object</kind>
         <file>ucs.obj</file>
         <name>ucs.obj</name>
      </input_file>
      <input_file id="fl-25">
         <path>./driverlib/MSP430F5xx_6xx/</path>
         <kind>object</kind>
         <file>usci_a_spi.obj</file>
         <name>usci_a_spi.obj</name>
      </input_file>
      <input_file id="fl-26">
         <path>./driverlib/MSP430F5xx_6xx/</path>
         <kind>object</kind>
         <file>usci_a_uart.obj</file>
         <name>usci_a_uart.obj</name>
      </input_file>
      <input_file id="fl-27">
         <path>./driverlib/MSP430F5xx_6xx/</path>
         <kind>object</kind>
         <file>usci_b_i2c.obj</file>
         <name>usci_b_i2c.obj</name>
      </input_file>
      <input_file id="fl-28">
         <path>./driverlib/MSP430F5xx_6xx/</path>
         <kind>object</kind>
         <file>usci_b_spi.obj</file>
         <name>usci_b_spi.obj</name>
      </input_file>
      <input_file id="fl-29">
         <path>./driverlib/MSP430F5xx_6xx/</path>
         <kind>object</kind>
         <file>wdt_a.obj</file>
         <name>wdt_a.obj</name>
      </input_file>
      <input_file id="fl-2a">
         <path>./fonts/</path>
         <kind>object</kind>
         <file>fontcm12.obj</file>
         <name>fontcm12.obj</name>
      </input_file>
      <input_file id="fl-2b">
         <path>./fonts/</path>
         <kind>object</kind>
         <file>fontcm12b.obj</file>
         <name>fontcm12b.obj</name>
      </input_file>
      <input_file id="fl-2c">
         <path>./fonts/</path>
         <kind>object</kind>
         <file>fontcm12i.obj</file>
         <name>fontcm12i.obj</name>
      </input_file>
      <input_file id="fl-2d">
         <path>./fonts/</path>
         <kind>object</kind>
         <file>fontcm14.obj</file>
         <name>fontcm14.obj</name>
      </input_file>
      <input_file id="fl-2e">
         <path>./fonts/</path>
         <kind>object</kind>
         <file>fontcm14b.obj</file>
         <name>fontcm14b.obj</name>
      </input_file>
      <input_file id="fl-2f">
         <path>./fonts/</path>
         <kind>object</kind>
         <file>fontcm14i.obj</file>
         <name>fontcm14i.obj</name>
      </input_file>
      <input_file id="fl-30">
         <path>./fonts/</path>
         <kind>object</kind>
         <file>fontcm16.obj</file>
         <name>fontcm16.obj</name>
      </input_file>
      <input_file id="fl-31">
         <path>./fonts/</path>
         <kind>object</kind>
         <file>fontcm16b.obj</file>
         <name>fontcm16b.obj</name>
      </input_file>
      <input_file id="fl-32">
         <path>./fonts/</path>
         <kind>object</kind>
         <file>fontcm16i.obj</file>
         <name>fontcm16i.obj</name>
      </input_file>
      <input_file id="fl-33">
         <path>./fonts/</path>
         <kind>object</kind>
         <file>fontcm18.obj</file>
         <name>fontcm18.obj</name>
      </input_file>
      <input_file id="fl-34">
         <path>./fonts/</path>
         <kind>object</kind>
         <file>fontcm18b.obj</file>
         <name>fontcm18b.obj</name>
      </input_file>
      <input_file id="fl-35">
         <path>./fonts/</path>
         <kind>object</kind>
         <file>fontcm18i.obj</file>
         <name>fontcm18i.obj</name>
      </input_file>
      <input_file id="fl-36">
         <path>./fonts/</path>
         <kind>object</kind>
         <file>fontcm20.obj</file>
         <name>fontcm20.obj</name>
      </input_file>
      <input_file id="fl-37">
         <path>./fonts/</path>
         <kind>object</kind>
         <file>fontcm20b.obj</file>
         <name>fontcm20b.obj</name>
      </input_file>
      <input_file id="fl-38">
         <path>./fonts/</path>
         <kind>object</kind>
         <file>fontcm20i.obj</file>
         <name>fontcm20i.obj</name>
      </input_file>
      <input_file id="fl-39">
         <path>./fonts/</path>
         <kind>object</kind>
         <file>fontcm22.obj</file>
         <name>fontcm22.obj</name>
      </input_file>
      <input_file id="fl-3a">
         <path>./fonts/</path>
         <kind>object</kind>
         <file>fontcm22b.obj</file>
         <name>fontcm22b.obj</name>
      </input_file>
      <input_file id="fl-3b">
         <path>./fonts/</path>
         <kind>object</kind>
         <file>fontcm22i.obj</file>
         <name>fontcm22i.obj</name>
      </input_file>
      <input_file id="fl-3c">
         <path>./fonts/</path>
         <kind>object</kind>
         <file>fontcm24.obj</file>
         <name>fontcm24.obj</name>
      </input_file>
      <input_file id="fl-3d">
         <path>./fonts/</path>
         <kind>object</kind>
         <file>fontcm24b.obj</file>
         <name>fontcm24b.obj</name>
      </input_file>
      <input_file id="fl-3e">
         <path>./fonts/</path>
         <kind>object</kind>
         <file>fontcm24i.obj</file>
         <name>fontcm24i.obj</name>
      </input_file>
      <input_file id="fl-3f">
         <path>./fonts/</path>
         <kind>object</kind>
         <file>fontcm26.obj</file>
         <name>fontcm26.obj</name>
      </input_file>
      <input_file id="fl-40">
         <path>./fonts/</path>
         <kind>object</kind>
         <file>fontcm26b.obj</file>
         <name>fontcm26b.obj</name>
      </input_file>
      <input_file id="fl-41">
         <path>./fonts/</path>
         <kind>object</kind>
         <file>fontcm26i.obj</file>
         <name>fontcm26i.obj</name>
      </input_file>
      <input_file id="fl-42">
         <path>./fonts/</path>
         <kind>object</kind>
         <file>fontcm28.obj</file>
         <name>fontcm28.obj</name>
      </input_file>
      <input_file id="fl-43">
         <path>./fonts/</path>
         <kind>object</kind>
         <file>fontcm28b.obj</file>
         <name>fontcm28b.obj</name>
      </input_file>
      <input_file id="fl-44">
         <path>./fonts/</path>
         <kind>object</kind>
         <file>fontcm28i.obj</file>
         <name>fontcm28i.obj</name>
      </input_file>
      <input_file id="fl-45">
         <path>./fonts/</path>
         <kind>object</kind>
         <file>fontcm30.obj</file>
         <name>fontcm30.obj</name>
      </input_file>
      <input_file id="fl-46">
         <path>./fonts/</path>
         <kind>object</kind>
         <file>fontcm30b.obj</file>
         <name>fontcm30b.obj</name>
      </input_file>
      <input_file id="fl-47">
         <path>./fonts/</path>
         <kind>object</kind>
         <file>fontcm30i.obj</file>
         <name>fontcm30i.obj</name>
      </input_file>
      <input_file id="fl-48">
         <path>./fonts/</path>
         <kind>object</kind>
         <file>fontcm32.obj</file>
         <name>fontcm32.obj</name>
      </input_file>
      <input_file id="fl-49">
         <path>./fonts/</path>
         <kind>object</kind>
         <file>fontcm32b.obj</file>
         <name>fontcm32b.obj</name>
      </input_file>
      <input_file id="fl-4a">
         <path>./fonts/</path>
         <kind>object</kind>
         <file>fontcm32i.obj</file>
         <name>fontcm32i.obj</name>
      </input_file>
      <input_file id="fl-4b">
         <path>./fonts/</path>
         <kind>object</kind>
         <file>fontcm34.obj</file>
         <name>fontcm34.obj</name>
      </input_file>
      <input_file id="fl-4c">
         <path>./fonts/</path>
         <kind>object</kind>
         <file>fontcm34b.obj</file>
         <name>fontcm34b.obj</name>
      </input_file>
      <input_file id="fl-4d">
         <path>./fonts/</path>
         <kind>object</kind>
         <file>fontcm34i.obj</file>
         <name>fontcm34i.obj</name>
      </input_file>
      <input_file id="fl-4e">
         <path>./fonts/</path>
         <kind>object</kind>
         <file>fontcm36.obj</file>
         <name>fontcm36.obj</name>
      </input_file>
      <input_file id="fl-4f">
         <path>./fonts/</path>
         <kind>object</kind>
         <file>fontcm36b.obj</file>
         <name>fontcm36b.obj</name>
      </input_file>
      <input_file id="fl-50">
         <path>./fonts/</path>
         <kind>object</kind>
         <file>fontcm36i.obj</file>
         <name>fontcm36i.obj</name>
      </input_file>
      <input_file id="fl-51">
         <path>./fonts/</path>
         <kind>object</kind>
         <file>fontcm38.obj</file>
         <name>fontcm38.obj</name>
      </input_file>
      <input_file id="fl-52">
         <path>./fonts/</path>
         <kind>object</kind>
         <file>fontcm38b.obj</file>
         <name>fontcm38b.obj</name>
      </input_file>
      <input_file id="fl-53">
         <path>./fonts/</path>
         <kind>object</kind>
         <file>fontcm38i.obj</file>
         <name>fontcm38i.obj</name>
      </input_file>
      <input_file id="fl-54">
         <path>./fonts/</path>
         <kind>object</kind>
         <file>fontcm40.obj</file>
         <name>fontcm40.obj</name>
      </input_file>
      <input_file id="fl-55">
         <path>./fonts/</path>
         <kind>object</kind>
         <file>fontcm40b.obj</file>
         <name>fontcm40b.obj</name>
      </input_file>
      <input_file id="fl-56">
         <path>./fonts/</path>
         <kind>object</kind>
         <file>fontcm40i.obj</file>
         <name>fontcm40i.obj</name>
      </input_file>
      <input_file id="fl-57">
         <path>./fonts/</path>
         <kind>object</kind>
         <file>fontcm42.obj</file>
         <name>fontcm42.obj</name>
      </input_file>
      <input_file id="fl-58">
         <path>./fonts/</path>
         <kind>object</kind>
         <file>fontcm42b.obj</file>
         <name>fontcm42b.obj</name>
      </input_file>
      <input_file id="fl-59">
         <path>./fonts/</path>
         <kind>object</kind>
         <file>fontcm42i.obj</file>
         <name>fontcm42i.obj</name>
      </input_file>
      <input_file id="fl-5a">
         <path>./fonts/</path>
         <kind>object</kind>
         <file>fontcm44.obj</file>
         <name>fontcm44.obj</name>
      </input_file>
      <input_file id="fl-5b">
         <path>./fonts/</path>
         <kind>object</kind>
         <file>fontcm44b.obj</file>
         <name>fontcm44b.obj</name>
      </input_file>
      <input_file id="fl-5c">
         <path>./fonts/</path>
         <kind>object</kind>
         <file>fontcm44i.obj</file>
         <name>fontcm44i.obj</name>
      </input_file>
      <input_file id="fl-5d">
         <path>./fonts/</path>
         <kind>object</kind>
         <file>fontcm46.obj</file>
         <name>fontcm46.obj</name>
      </input_file>
      <input_file id="fl-5e">
         <path>./fonts/</path>
         <kind>object</kind>
         <file>fontcm46b.obj</file>
         <name>fontcm46b.obj</name>
      </input_file>
      <input_file id="fl-5f">
         <path>./fonts/</path>
         <kind>object</kind>
         <file>fontcm46i.obj</file>
         <name>fontcm46i.obj</name>
      </input_file>
      <input_file id="fl-60">
         <path>./fonts/</path>
         <kind>object</kind>
         <file>fontcm48.obj</file>
         <name>fontcm48.obj</name>
      </input_file>
      <input_file id="fl-61">
         <path>./fonts/</path>
         <kind>object</kind>
         <file>fontcm48b.obj</file>
         <name>fontcm48b.obj</name>
      </input_file>
      <input_file id="fl-62">
         <path>./fonts/</path>
         <kind>object</kind>
         <file>fontcm48i.obj</file>
         <name>fontcm48i.obj</name>
      </input_file>
      <input_file id="fl-63">
         <path>./fonts/</path>
         <kind>object</kind>
         <file>fontcmsc12.obj</file>
         <name>fontcmsc12.obj</name>
      </input_file>
      <input_file id="fl-64">
         <path>./fonts/</path>
         <kind>object</kind>
         <file>fontcmsc14.obj</file>
         <name>fontcmsc14.obj</name>
      </input_file>
      <input_file id="fl-65">
         <path>./fonts/</path>
         <kind>object</kind>
         <file>fontcmsc16.obj</file>
         <name>fontcmsc16.obj</name>
      </input_file>
      <input_file id="fl-66">
         <path>./fonts/</path>
         <kind>object</kind>
         <file>fontcmsc18.obj</file>
         <name>fontcmsc18.obj</name>
      </input_file>
      <input_file id="fl-67">
         <path>./fonts/</path>
         <kind>object</kind>
         <file>fontcmsc20.obj</file>
         <name>fontcmsc20.obj</name>
      </input_file>
      <input_file id="fl-68">
         <path>./fonts/</path>
         <kind>object</kind>
         <file>fontcmsc22.obj</file>
         <name>fontcmsc22.obj</name>
      </input_file>
      <input_file id="fl-69">
         <path>./fonts/</path>
         <kind>object</kind>
         <file>fontcmsc24.obj</file>
         <name>fontcmsc24.obj</name>
      </input_file>
      <input_file id="fl-6a">
         <path>./fonts/</path>
         <kind>object</kind>
         <file>fontcmsc26.obj</file>
         <name>fontcmsc26.obj</name>
      </input_file>
      <input_file id="fl-6b">
         <path>./fonts/</path>
         <kind>object</kind>
         <file>fontcmsc28.obj</file>
         <name>fontcmsc28.obj</name>
      </input_file>
      <input_file id="fl-6c">
         <path>./fonts/</path>
         <kind>object</kind>
         <file>fontcmsc30.obj</file>
         <name>fontcmsc30.obj</name>
      </input_file>
      <input_file id="fl-6d">
         <path>./fonts/</path>
         <kind>object</kind>
         <file>fontcmsc32.obj</file>
         <name>fontcmsc32.obj</name>
      </input_file>
      <input_file id="fl-6e">
         <path>./fonts/</path>
         <kind>object</kind>
         <file>fontcmsc34.obj</file>
         <name>fontcmsc34.obj</name>
      </input_file>
      <input_file id="fl-6f">
         <path>./fonts/</path>
         <kind>object</kind>
         <file>fontcmsc36.obj</file>
         <name>fontcmsc36.obj</name>
      </input_file>
      <input_file id="fl-70">
         <path>./fonts/</path>
         <kind>object</kind>
         <file>fontcmsc38.obj</file>
         <name>fontcmsc38.obj</name>
      </input_file>
      <input_file id="fl-71">
         <path>./fonts/</path>
         <kind>object</kind>
         <file>fontcmsc40.obj</file>
         <name>fontcmsc40.obj</name>
      </input_file>
      <input_file id="fl-72">
         <path>./fonts/</path>
         <kind>object</kind>
         <file>fontcmsc42.obj</file>
         <name>fontcmsc42.obj</name>
      </input_file>
      <input_file id="fl-73">
         <path>./fonts/</path>
         <kind>object</kind>
         <file>fontcmsc44.obj</file>
         <name>fontcmsc44.obj</name>
      </input_file>
      <input_file id="fl-74">
         <path>./fonts/</path>
         <kind>object</kind>
         <file>fontcmsc46.obj</file>
         <name>fontcmsc46.obj</name>
      </input_file>
      <input_file id="fl-75">
         <path>./fonts/</path>
         <kind>object</kind>
         <file>fontcmsc48.obj</file>
         <name>fontcmsc48.obj</name>
      </input_file>
      <input_file id="fl-76">
         <path>./fonts/</path>
         <kind>object</kind>
         <file>fontcmss12.obj</file>
         <name>fontcmss12.obj</name>
      </input_file>
      <input_file id="fl-77">
         <path>./fonts/</path>
         <kind>object</kind>
         <file>fontcmss12b.obj</file>
         <name>fontcmss12b.obj</name>
      </input_file>
      <input_file id="fl-78">
         <path>./fonts/</path>
         <kind>object</kind>
         <file>fontcmss12i.obj</file>
         <name>fontcmss12i.obj</name>
      </input_file>
      <input_file id="fl-79">
         <path>./fonts/</path>
         <kind>object</kind>
         <file>fontcmss14.obj</file>
         <name>fontcmss14.obj</name>
      </input_file>
      <input_file id="fl-7a">
         <path>./fonts/</path>
         <kind>object</kind>
         <file>fontcmss14b.obj</file>
         <name>fontcmss14b.obj</name>
      </input_file>
      <input_file id="fl-7b">
         <path>./fonts/</path>
         <kind>object</kind>
         <file>fontcmss14i.obj</file>
         <name>fontcmss14i.obj</name>
      </input_file>
      <input_file id="fl-7c">
         <path>./fonts/</path>
         <kind>object</kind>
         <file>fontcmss16.obj</file>
         <name>fontcmss16.obj</name>
      </input_file>
      <input_file id="fl-7d">
         <path>./fonts/</path>
         <kind>object</kind>
         <file>fontcmss16b.obj</file>
         <name>fontcmss16b.obj</name>
      </input_file>
      <input_file id="fl-7e">
         <path>./fonts/</path>
         <kind>object</kind>
         <file>fontcmss16i.obj</file>
         <name>fontcmss16i.obj</name>
      </input_file>
      <input_file id="fl-7f">
         <path>./fonts/</path>
         <kind>object</kind>
         <file>fontcmss18.obj</file>
         <name>fontcmss18.obj</name>
      </input_file>
      <input_file id="fl-80">
         <path>./fonts/</path>
         <kind>object</kind>
         <file>fontcmss18b.obj</file>
         <name>fontcmss18b.obj</name>
      </input_file>
      <input_file id="fl-81">
         <path>./fonts/</path>
         <kind>object</kind>
         <file>fontcmss18i.obj</file>
         <name>fontcmss18i.obj</name>
      </input_file>
      <input_file id="fl-82">
         <path>./fonts/</path>
         <kind>object</kind>
         <file>fontcmss20.obj</file>
         <name>fontcmss20.obj</name>
      </input_file>
      <input_file id="fl-83">
         <path>./fonts/</path>
         <kind>object</kind>
         <file>fontcmss20b.obj</file>
         <name>fontcmss20b.obj</name>
      </input_file>
      <input_file id="fl-84">
         <path>./fonts/</path>
         <kind>object</kind>
         <file>fontcmss20i.obj</file>
         <name>fontcmss20i.obj</name>
      </input_file>
      <input_file id="fl-85">
         <path>./fonts/</path>
         <kind>object</kind>
         <file>fontcmss22.obj</file>
         <name>fontcmss22.obj</name>
      </input_file>
      <input_file id="fl-86">
         <path>./fonts/</path>
         <kind>object</kind>
         <file>fontcmss22b.obj</file>
         <name>fontcmss22b.obj</name>
      </input_file>
      <input_file id="fl-87">
         <path>./fonts/</path>
         <kind>object</kind>
         <file>fontcmss22i.obj</file>
         <name>fontcmss22i.obj</name>
      </input_file>
      <input_file id="fl-88">
         <path>./fonts/</path>
         <kind>object</kind>
         <file>fontcmss24.obj</file>
         <name>fontcmss24.obj</name>
      </input_file>
      <input_file id="fl-89">
         <path>./fonts/</path>
         <kind>object</kind>
         <file>fontcmss24b.obj</file>
         <name>fontcmss24b.obj</name>
      </input_file>
      <input_file id="fl-8a">
         <path>./fonts/</path>
         <kind>object</kind>
         <file>fontcmss24i.obj</file>
         <name>fontcmss24i.obj</name>
      </input_file>
      <input_file id="fl-8b">
         <path>./fonts/</path>
         <kind>object</kind>
         <file>fontcmss26.obj</file>
         <name>fontcmss26.obj</name>
      </input_file>
      <input_file id="fl-8c">
         <path>./fonts/</path>
         <kind>object</kind>
         <file>fontcmss26b.obj</file>
         <name>fontcmss26b.obj</name>
      </input_file>
      <input_file id="fl-8d">
         <path>./fonts/</path>
         <kind>object</kind>
         <file>fontcmss26i.obj</file>
         <name>fontcmss26i.obj</name>
      </input_file>
      <input_file id="fl-8e">
         <path>./fonts/</path>
         <kind>object</kind>
         <file>fontcmss28.obj</file>
         <name>fontcmss28.obj</name>
      </input_file>
      <input_file id="fl-8f">
         <path>./fonts/</path>
         <kind>object</kind>
         <file>fontcmss28b.obj</file>
         <name>fontcmss28b.obj</name>
      </input_file>
      <input_file id="fl-90">
         <path>./fonts/</path>
         <kind>object</kind>
         <file>fontcmss28i.obj</file>
         <name>fontcmss28i.obj</name>
      </input_file>
      <input_file id="fl-91">
         <path>./fonts/</path>
         <kind>object</kind>
         <file>fontcmss30.obj</file>
         <name>fontcmss30.obj</name>
      </input_file>
      <input_file id="fl-92">
         <path>./fonts/</path>
         <kind>object</kind>
         <file>fontcmss30b.obj</file>
         <name>fontcmss30b.obj</name>
      </input_file>
      <input_file id="fl-93">
         <path>./fonts/</path>
         <kind>object</kind>
         <file>fontcmss30i.obj</file>
         <name>fontcmss30i.obj</name>
      </input_file>
      <input_file id="fl-94">
         <path>./fonts/</path>
         <kind>object</kind>
         <file>fontcmss32.obj</file>
         <name>fontcmss32.obj</name>
      </input_file>
      <input_file id="fl-95">
         <path>./fonts/</path>
         <kind>object</kind>
         <file>fontcmss32b.obj</file>
         <name>fontcmss32b.obj</name>
      </input_file>
      <input_file id="fl-96">
         <path>./fonts/</path>
         <kind>object</kind>
         <file>fontcmss32i.obj</file>
         <name>fontcmss32i.obj</name>
      </input_file>
      <input_file id="fl-97">
         <path>./fonts/</path>
         <kind>object</kind>
         <file>fontcmss34.obj</file>
         <name>fontcmss34.obj</name>
      </input_file>
      <input_file id="fl-98">
         <path>./fonts/</path>
         <kind>object</kind>
         <file>fontcmss34b.obj</file>
         <name>fontcmss34b.obj</name>
      </input_file>
      <input_file id="fl-99">
         <path>./fonts/</path>
         <kind>object</kind>
         <file>fontcmss34i.obj</file>
         <name>fontcmss34i.obj</name>
      </input_file>
      <input_file id="fl-9a">
         <path>./fonts/</path>
         <kind>object</kind>
         <file>fontcmss36.obj</file>
         <name>fontcmss36.obj</name>
      </input_file>
      <input_file id="fl-9b">
         <path>./fonts/</path>
         <kind>object</kind>
         <file>fontcmss36b.obj</file>
         <name>fontcmss36b.obj</name>
      </input_file>
      <input_file id="fl-9c">
         <path>./fonts/</path>
         <kind>object</kind>
         <file>fontcmss36i.obj</file>
         <name>fontcmss36i.obj</name>
      </input_file>
      <input_file id="fl-9d">
         <path>./fonts/</path>
         <kind>object</kind>
         <file>fontcmss38.obj</file>
         <name>fontcmss38.obj</name>
      </input_file>
      <input_file id="fl-9e">
         <path>./fonts/</path>
         <kind>object</kind>
         <file>fontcmss38b.obj</file>
         <name>fontcmss38b.obj</name>
      </input_file>
      <input_file id="fl-9f">
         <path>./fonts/</path>
         <kind>object</kind>
         <file>fontcmss38i.obj</file>
         <name>fontcmss38i.obj</name>
      </input_file>
      <input_file id="fl-a0">
         <path>./fonts/</path>
         <kind>object</kind>
         <file>fontcmss40.obj</file>
         <name>fontcmss40.obj</name>
      </input_file>
      <input_file id="fl-a1">
         <path>./fonts/</path>
         <kind>object</kind>
         <file>fontcmss40b.obj</file>
         <name>fontcmss40b.obj</name>
      </input_file>
      <input_file id="fl-a2">
         <path>./fonts/</path>
         <kind>object</kind>
         <file>fontcmss40i.obj</file>
         <name>fontcmss40i.obj</name>
      </input_file>
      <input_file id="fl-a3">
         <path>./fonts/</path>
         <kind>object</kind>
         <file>fontcmss42.obj</file>
         <name>fontcmss42.obj</name>
      </input_file>
      <input_file id="fl-a4">
         <path>./fonts/</path>
         <kind>object</kind>
         <file>fontcmss42b.obj</file>
         <name>fontcmss42b.obj</name>
      </input_file>
      <input_file id="fl-a5">
         <path>./fonts/</path>
         <kind>object</kind>
         <file>fontcmss42i.obj</file>
         <name>fontcmss42i.obj</name>
      </input_file>
      <input_file id="fl-a6">
         <path>./fonts/</path>
         <kind>object</kind>
         <file>fontcmss44.obj</file>
         <name>fontcmss44.obj</name>
      </input_file>
      <input_file id="fl-a7">
         <path>./fonts/</path>
         <kind>object</kind>
         <file>fontcmss44b.obj</file>
         <name>fontcmss44b.obj</name>
      </input_file>
      <input_file id="fl-a8">
         <path>./fonts/</path>
         <kind>object</kind>
         <file>fontcmss44i.obj</file>
         <name>fontcmss44i.obj</name>
      </input_file>
      <input_file id="fl-a9">
         <path>./fonts/</path>
         <kind>object</kind>
         <file>fontcmss46.obj</file>
         <name>fontcmss46.obj</name>
      </input_file>
      <input_file id="fl-aa">
         <path>./fonts/</path>
         <kind>object</kind>
         <file>fontcmss46b.obj</file>
         <name>fontcmss46b.obj</name>
      </input_file>
      <input_file id="fl-ab">
         <path>./fonts/</path>
         <kind>object</kind>
         <file>fontcmss46i.obj</file>
         <name>fontcmss46i.obj</name>
      </input_file>
      <input_file id="fl-ac">
         <path>./fonts/</path>
         <kind>object</kind>
         <file>fontcmss48.obj</file>
         <name>fontcmss48.obj</name>
      </input_file>
      <input_file id="fl-ad">
         <path>./fonts/</path>
         <kind>object</kind>
         <file>fontcmss48b.obj</file>
         <name>fontcmss48b.obj</name>
      </input_file>
      <input_file id="fl-ae">
         <path>./fonts/</path>
         <kind>object</kind>
         <file>fontcmss48i.obj</file>
         <name>fontcmss48i.obj</name>
      </input_file>
      <input_file id="fl-af">
         <path>./fonts/</path>
         <kind>object</kind>
         <file>fontcmtt12.obj</file>
         <name>fontcmtt12.obj</name>
      </input_file>
      <input_file id="fl-b0">
         <path>./fonts/</path>
         <kind>object</kind>
         <file>fontcmtt14.obj</file>
         <name>fontcmtt14.obj</name>
      </input_file>
      <input_file id="fl-b1">
         <path>./fonts/</path>
         <kind>object</kind>
         <file>fontcmtt16.obj</file>
         <name>fontcmtt16.obj</name>
      </input_file>
      <input_file id="fl-b2">
         <path>./fonts/</path>
         <kind>object</kind>
         <file>fontcmtt18.obj</file>
         <name>fontcmtt18.obj</name>
      </input_file>
      <input_file id="fl-b3">
         <path>./fonts/</path>
         <kind>object</kind>
         <file>fontcmtt20.obj</file>
         <name>fontcmtt20.obj</name>
      </input_file>
      <input_file id="fl-b4">
         <path>./fonts/</path>
         <kind>object</kind>
         <file>fontcmtt22.obj</file>
         <name>fontcmtt22.obj</name>
      </input_file>
      <input_file id="fl-b5">
         <path>./fonts/</path>
         <kind>object</kind>
         <file>fontcmtt24.obj</file>
         <name>fontcmtt24.obj</name>
      </input_file>
      <input_file id="fl-b6">
         <path>./fonts/</path>
         <kind>object</kind>
         <file>fontcmtt26.obj</file>
         <name>fontcmtt26.obj</name>
      </input_file>
      <input_file id="fl-b7">
         <path>./fonts/</path>
         <kind>object</kind>
         <file>fontcmtt28.obj</file>
         <name>fontcmtt28.obj</name>
      </input_file>
      <input_file id="fl-b8">
         <path>./fonts/</path>
         <kind>object</kind>
         <file>fontcmtt30.obj</file>
         <name>fontcmtt30.obj</name>
      </input_file>
      <input_file id="fl-b9">
         <path>./fonts/</path>
         <kind>object</kind>
         <file>fontcmtt32.obj</file>
         <name>fontcmtt32.obj</name>
      </input_file>
      <input_file id="fl-ba">
         <path>./fonts/</path>
         <kind>object</kind>
         <file>fontcmtt34.obj</file>
         <name>fontcmtt34.obj</name>
      </input_file>
      <input_file id="fl-bb">
         <path>./fonts/</path>
         <kind>object</kind>
         <file>fontcmtt36.obj</file>
         <name>fontcmtt36.obj</name>
      </input_file>
      <input_file id="fl-bc">
         <path>./fonts/</path>
         <kind>object</kind>
         <file>fontcmtt38.obj</file>
         <name>fontcmtt38.obj</name>
      </input_file>
      <input_file id="fl-bd">
         <path>./fonts/</path>
         <kind>object</kind>
         <file>fontcmtt40.obj</file>
         <name>fontcmtt40.obj</name>
      </input_file>
      <input_file id="fl-be">
         <path>./fonts/</path>
         <kind>object</kind>
         <file>fontcmtt42.obj</file>
         <name>fontcmtt42.obj</name>
      </input_file>
      <input_file id="fl-bf">
         <path>./fonts/</path>
         <kind>object</kind>
         <file>fontcmtt44.obj</file>
         <name>fontcmtt44.obj</name>
      </input_file>
      <input_file id="fl-c0">
         <path>./fonts/</path>
         <kind>object</kind>
         <file>fontcmtt46.obj</file>
         <name>fontcmtt46.obj</name>
      </input_file>
      <input_file id="fl-c1">
         <path>./fonts/</path>
         <kind>object</kind>
         <file>fontcmtt48.obj</file>
         <name>fontcmtt48.obj</name>
      </input_file>
      <input_file id="fl-c2">
         <path>./fonts/</path>
         <kind>object</kind>
         <file>fontfixed6x8.obj</file>
         <name>fontfixed6x8.obj</name>
      </input_file>
      <input_file id="fl-c3">
         <path>./grlib/</path>
         <kind>object</kind>
         <file>button.obj</file>
         <name>button.obj</name>
      </input_file>
      <input_file id="fl-c4">
         <path>./grlib/</path>
         <kind>object</kind>
         <file>checkbox.obj</file>
         <name>checkbox.obj</name>
      </input_file>
      <input_file id="fl-c5">
         <path>./grlib/</path>
         <kind>object</kind>
         <file>circle.obj</file>
         <name>circle.obj</name>
      </input_file>
      <input_file id="fl-c6">
         <path>./grlib/</path>
         <kind>object</kind>
         <file>context.obj</file>
         <name>context.obj</name>
      </input_file>
      <input_file id="fl-c7">
         <path>./grlib/</path>
         <kind>object</kind>
         <file>display.obj</file>
         <name>display.obj</name>
      </input_file>
      <input_file id="fl-c8">
         <path>./grlib/</path>
         <kind>object</kind>
         <file>image.obj</file>
         <name>image.obj</name>
      </input_file>
      <input_file id="fl-c9">
         <path>./grlib/</path>
         <kind>object</kind>
         <file>imageButton.obj</file>
         <name>imageButton.obj</name>
      </input_file>
      <input_file id="fl-ca">
         <path>./grlib/</path>
         <kind>object</kind>
         <file>line.obj</file>
         <name>line.obj</name>
      </input_file>
      <input_file id="fl-cb">
         <path>./grlib/</path>
         <kind>object</kind>
         <file>radioButton.obj</file>
         <name>radioButton.obj</name>
      </input_file>
      <input_file id="fl-cc">
         <path>./grlib/</path>
         <kind>object</kind>
         <file>rectangle.obj</file>
         <name>rectangle.obj</name>
      </input_file>
      <input_file id="fl-cd">
         <path>./grlib/</path>
         <kind>object</kind>
         <file>string.obj</file>
         <name>string.obj</name>
      </input_file>
      <input_file id="fl-ce">
         <path>./src/</path>
         <kind>object</kind>
         <file>Crystalfontz128x128_ST7735.obj</file>
         <name>Crystalfontz128x128_ST7735.obj</name>
      </input_file>
      <input_file id="fl-cf">
         <path>./src/</path>
         <kind>object</kind>
         <file>HAL_I2C.obj</file>
         <name>HAL_I2C.obj</name>
      </input_file>
      <input_file id="fl-d0">
         <path>./src/</path>
         <kind>object</kind>
         <file>HAL_MSP_F5529LP_Crystalfontz128x128_ST7735.obj</file>
         <name>HAL_MSP_F5529LP_Crystalfontz128x128_ST7735.obj</name>
      </input_file>
      <input_file id="fl-d1">
         <path>./src/</path>
         <kind>object</kind>
         <file>HAL_OPT3001.obj</file>
         <name>HAL_OPT3001.obj</name>
      </input_file>
      <input_file id="fl-d2">
         <path>./src/</path>
         <kind>object</kind>
         <file>main.obj</file>
         <name>main.obj</name>
      </input_file>
      <input_file id="fl-d3">
         <path>./src/</path>
         <kind>object</kind>
         <file>myClocks.obj</file>
         <name>myClocks.obj</name>
      </input_file>
      <input_file id="fl-d4">
         <path>./src/</path>
         <kind>object</kind>
         <file>myGPIO.obj</file>
         <name>myGPIO.obj</name>
      </input_file>
      <input_file id="fl-d5">
         <path>./src/</path>
         <kind>object</kind>
         <file>myJoystickADC.obj</file>
         <name>myJoystickADC.obj</name>
      </input_file>
      <input_file id="fl-d6">
         <path>./src/</path>
         <kind>object</kind>
         <file>myObjects.obj</file>
         <name>myObjects.obj</name>
      </input_file>
      <input_file id="fl-d7">
         <path>./src/</path>
         <kind>object</kind>
         <file>myScheduler.obj</file>
         <name>myScheduler.obj</name>
      </input_file>
      <input_file id="fl-d8">
         <path>./src/</path>
         <kind>object</kind>
         <file>mySemaphore.obj</file>
         <name>mySemaphore.obj</name>
      </input_file>
      <input_file id="fl-d9">
         <path>./src/</path>
         <kind>object</kind>
         <file>myTimers.obj</file>
         <name>myTimers.obj</name>
      </input_file>
      <input_file id="fl-df">
         <kind>object</kind>
         <file>&lt;internal&gt;</file>
         <name>&lt;internal&gt;</name>
      </input_file>
      <input_file id="fl-fa">
         <path>/Applications/ti/ccsv8/tools/compiler/ti-cgt-msp430_18.1.1.LTS/lib/</path>
         <kind>archive</kind>
         <file>rts430x_lc_rd_eabi.lib</file>
         <name>div16s.asm.obj</name>
      </input_file>
      <input_file id="fl-fb">
         <path>/Applications/ti/ccsv8/tools/compiler/ti-cgt-msp430_18.1.1.LTS/lib/</path>
         <kind>archive</kind>
         <file>rts430x_lc_rd_eabi.lib</file>
         <name>div16u.asm.obj</name>
      </input_file>
      <input_file id="fl-fc">
         <path>/Applications/ti/ccsv8/tools/compiler/ti-cgt-msp430_18.1.1.LTS/lib/</path>
         <kind>archive</kind>
         <file>rts430x_lc_rd_eabi.lib</file>
         <name>div32s.asm.obj</name>
      </input_file>
      <input_file id="fl-fd">
         <path>/Applications/ti/ccsv8/tools/compiler/ti-cgt-msp430_18.1.1.LTS/lib/</path>
         <kind>archive</kind>
         <file>rts430x_lc_rd_eabi.lib</file>
         <name>div32u.asm.obj</name>
      </input_file>
      <input_file id="fl-fe">
         <path>/Applications/ti/ccsv8/tools/compiler/ti-cgt-msp430_18.1.1.LTS/lib/</path>
         <kind>archive</kind>
         <file>rts430x_lc_rd_eabi.lib</file>
         <name>fs_add.asm.obj</name>
      </input_file>
      <input_file id="fl-ff">
         <path>/Applications/ti/ccsv8/tools/compiler/ti-cgt-msp430_18.1.1.LTS/lib/</path>
         <kind>archive</kind>
         <file>rts430x_lc_rd_eabi.lib</file>
         <name>fs_cmp.asm.obj</name>
      </input_file>
      <input_file id="fl-100">
         <path>/Applications/ti/ccsv8/tools/compiler/ti-cgt-msp430_18.1.1.LTS/lib/</path>
         <kind>archive</kind>
         <file>rts430x_lc_rd_eabi.lib</file>
         <name>fs_mpy.asm.obj</name>
      </input_file>
      <input_file id="fl-101">
         <path>/Applications/ti/ccsv8/tools/compiler/ti-cgt-msp430_18.1.1.LTS/lib/</path>
         <kind>archive</kind>
         <file>rts430x_lc_rd_eabi.lib</file>
         <name>fs_tou.asm.obj</name>
      </input_file>
      <input_file id="fl-102">
         <path>/Applications/ti/ccsv8/tools/compiler/ti-cgt-msp430_18.1.1.LTS/lib/</path>
         <kind>archive</kind>
         <file>rts430x_lc_rd_eabi.lib</file>
         <name>fs_ultof.asm.obj</name>
      </input_file>
      <input_file id="fl-103">
         <path>/Applications/ti/ccsv8/tools/compiler/ti-cgt-msp430_18.1.1.LTS/lib/</path>
         <kind>archive</kind>
         <file>rts430x_lc_rd_eabi.lib</file>
         <name>int41.asm.obj</name>
      </input_file>
      <input_file id="fl-104">
         <path>/Applications/ti/ccsv8/tools/compiler/ti-cgt-msp430_18.1.1.LTS/lib/</path>
         <kind>archive</kind>
         <file>rts430x_lc_rd_eabi.lib</file>
         <name>int42.asm.obj</name>
      </input_file>
      <input_file id="fl-105">
         <path>/Applications/ti/ccsv8/tools/compiler/ti-cgt-msp430_18.1.1.LTS/lib/</path>
         <kind>archive</kind>
         <file>rts430x_lc_rd_eabi.lib</file>
         <name>int43.asm.obj</name>
      </input_file>
      <input_file id="fl-106">
         <path>/Applications/ti/ccsv8/tools/compiler/ti-cgt-msp430_18.1.1.LTS/lib/</path>
         <kind>archive</kind>
         <file>rts430x_lc_rd_eabi.lib</file>
         <name>int44.asm.obj</name>
      </input_file>
      <input_file id="fl-107">
         <path>/Applications/ti/ccsv8/tools/compiler/ti-cgt-msp430_18.1.1.LTS/lib/</path>
         <kind>archive</kind>
         <file>rts430x_lc_rd_eabi.lib</file>
         <name>int45.asm.obj</name>
      </input_file>
      <input_file id="fl-108">
         <path>/Applications/ti/ccsv8/tools/compiler/ti-cgt-msp430_18.1.1.LTS/lib/</path>
         <kind>archive</kind>
         <file>rts430x_lc_rd_eabi.lib</file>
         <name>int46.asm.obj</name>
      </input_file>
      <input_file id="fl-109">
         <path>/Applications/ti/ccsv8/tools/compiler/ti-cgt-msp430_18.1.1.LTS/lib/</path>
         <kind>archive</kind>
         <file>rts430x_lc_rd_eabi.lib</file>
         <name>int48.asm.obj</name>
      </input_file>
      <input_file id="fl-10a">
         <path>/Applications/ti/ccsv8/tools/compiler/ti-cgt-msp430_18.1.1.LTS/lib/</path>
         <kind>archive</kind>
         <file>rts430x_lc_rd_eabi.lib</file>
         <name>int49.asm.obj</name>
      </input_file>
      <input_file id="fl-10b">
         <path>/Applications/ti/ccsv8/tools/compiler/ti-cgt-msp430_18.1.1.LTS/lib/</path>
         <kind>archive</kind>
         <file>rts430x_lc_rd_eabi.lib</file>
         <name>int50.asm.obj</name>
      </input_file>
      <input_file id="fl-10c">
         <path>/Applications/ti/ccsv8/tools/compiler/ti-cgt-msp430_18.1.1.LTS/lib/</path>
         <kind>archive</kind>
         <file>rts430x_lc_rd_eabi.lib</file>
         <name>int51.asm.obj</name>
      </input_file>
      <input_file id="fl-10d">
         <path>/Applications/ti/ccsv8/tools/compiler/ti-cgt-msp430_18.1.1.LTS/lib/</path>
         <kind>archive</kind>
         <file>rts430x_lc_rd_eabi.lib</file>
         <name>int53.asm.obj</name>
      </input_file>
      <input_file id="fl-10e">
         <path>/Applications/ti/ccsv8/tools/compiler/ti-cgt-msp430_18.1.1.LTS/lib/</path>
         <kind>archive</kind>
         <file>rts430x_lc_rd_eabi.lib</file>
         <name>int54.asm.obj</name>
      </input_file>
      <input_file id="fl-10f">
         <path>/Applications/ti/ccsv8/tools/compiler/ti-cgt-msp430_18.1.1.LTS/lib/</path>
         <kind>archive</kind>
         <file>rts430x_lc_rd_eabi.lib</file>
         <name>int55.asm.obj</name>
      </input_file>
      <input_file id="fl-110">
         <path>/Applications/ti/ccsv8/tools/compiler/ti-cgt-msp430_18.1.1.LTS/lib/</path>
         <kind>archive</kind>
         <file>rts430x_lc_rd_eabi.lib</file>
         <name>int56.asm.obj</name>
      </input_file>
      <input_file id="fl-111">
         <path>/Applications/ti/ccsv8/tools/compiler/ti-cgt-msp430_18.1.1.LTS/lib/</path>
         <kind>archive</kind>
         <file>rts430x_lc_rd_eabi.lib</file>
         <name>int57.asm.obj</name>
      </input_file>
      <input_file id="fl-112">
         <path>/Applications/ti/ccsv8/tools/compiler/ti-cgt-msp430_18.1.1.LTS/lib/</path>
         <kind>archive</kind>
         <file>rts430x_lc_rd_eabi.lib</file>
         <name>int58.asm.obj</name>
      </input_file>
      <input_file id="fl-113">
         <path>/Applications/ti/ccsv8/tools/compiler/ti-cgt-msp430_18.1.1.LTS/lib/</path>
         <kind>archive</kind>
         <file>rts430x_lc_rd_eabi.lib</file>
         <name>int59.asm.obj</name>
      </input_file>
      <input_file id="fl-114">
         <path>/Applications/ti/ccsv8/tools/compiler/ti-cgt-msp430_18.1.1.LTS/lib/</path>
         <kind>archive</kind>
         <file>rts430x_lc_rd_eabi.lib</file>
         <name>int60.asm.obj</name>
      </input_file>
      <input_file id="fl-115">
         <path>/Applications/ti/ccsv8/tools/compiler/ti-cgt-msp430_18.1.1.LTS/lib/</path>
         <kind>archive</kind>
         <file>rts430x_lc_rd_eabi.lib</file>
         <name>int61.asm.obj</name>
      </input_file>
      <input_file id="fl-116">
         <path>/Applications/ti/ccsv8/tools/compiler/ti-cgt-msp430_18.1.1.LTS/lib/</path>
         <kind>archive</kind>
         <file>rts430x_lc_rd_eabi.lib</file>
         <name>int62.asm.obj</name>
      </input_file>
      <input_file id="fl-117">
         <path>/Applications/ti/ccsv8/tools/compiler/ti-cgt-msp430_18.1.1.LTS/lib/</path>
         <kind>archive</kind>
         <file>rts430x_lc_rd_eabi.lib</file>
         <name>isr_trap.asm.obj</name>
      </input_file>
      <input_file id="fl-118">
         <path>/Applications/ti/ccsv8/tools/compiler/ti-cgt-msp430_18.1.1.LTS/lib/</path>
         <kind>archive</kind>
         <file>rts430x_lc_rd_eabi.lib</file>
         <name>lsl16.asm.obj</name>
      </input_file>
      <input_file id="fl-119">
         <path>/Applications/ti/ccsv8/tools/compiler/ti-cgt-msp430_18.1.1.LTS/lib/</path>
         <kind>archive</kind>
         <file>rts430x_lc_rd_eabi.lib</file>
         <name>lsl32.asm.obj</name>
      </input_file>
      <input_file id="fl-11a">
         <path>/Applications/ti/ccsv8/tools/compiler/ti-cgt-msp430_18.1.1.LTS/lib/</path>
         <kind>archive</kind>
         <file>rts430x_lc_rd_eabi.lib</file>
         <name>lsr16.asm.obj</name>
      </input_file>
      <input_file id="fl-11b">
         <path>/Applications/ti/ccsv8/tools/compiler/ti-cgt-msp430_18.1.1.LTS/lib/</path>
         <kind>archive</kind>
         <file>rts430x_lc_rd_eabi.lib</file>
         <name>lsr32.asm.obj</name>
      </input_file>
      <input_file id="fl-11c">
         <path>/Applications/ti/ccsv8/tools/compiler/ti-cgt-msp430_18.1.1.LTS/lib/</path>
         <kind>archive</kind>
         <file>rts430x_lc_rd_eabi.lib</file>
         <name>mult16.asm.obj</name>
      </input_file>
      <input_file id="fl-11d">
         <path>/Applications/ti/ccsv8/tools/compiler/ti-cgt-msp430_18.1.1.LTS/lib/</path>
         <kind>archive</kind>
         <file>rts430x_lc_rd_eabi.lib</file>
         <name>mult32.asm.obj</name>
      </input_file>
      <input_file id="fl-11e">
         <path>/Applications/ti/ccsv8/tools/compiler/ti-cgt-msp430_18.1.1.LTS/lib/</path>
         <kind>archive</kind>
         <file>rts430x_lc_rd_eabi.lib</file>
         <name>boot.c.obj</name>
      </input_file>
      <input_file id="fl-11f">
         <path>/Applications/ti/ccsv8/tools/compiler/ti-cgt-msp430_18.1.1.LTS/lib/</path>
         <kind>archive</kind>
         <file>rts430x_lc_rd_eabi.lib</file>
         <name>autoinit.c.obj</name>
      </input_file>
      <input_file id="fl-120">
         <path>/Applications/ti/ccsv8/tools/compiler/ti-cgt-msp430_18.1.1.LTS/lib/</path>
         <kind>archive</kind>
         <file>rts430x_lc_rd_eabi.lib</file>
         <name>copy_zero_init.c.obj</name>
      </input_file>
      <input_file id="fl-121">
         <path>/Applications/ti/ccsv8/tools/compiler/ti-cgt-msp430_18.1.1.LTS/lib/</path>
         <kind>archive</kind>
         <file>rts430x_lc_rd_eabi.lib</file>
         <name>cpy_tbl.c.obj</name>
      </input_file>
      <input_file id="fl-122">
         <path>/Applications/ti/ccsv8/tools/compiler/ti-cgt-msp430_18.1.1.LTS/lib/</path>
         <kind>archive</kind>
         <file>rts430x_lc_rd_eabi.lib</file>
         <name>mpu_init.c.obj</name>
      </input_file>
      <input_file id="fl-123">
         <path>/Applications/ti/ccsv8/tools/compiler/ti-cgt-msp430_18.1.1.LTS/lib/</path>
         <kind>archive</kind>
         <file>rts430x_lc_rd_eabi.lib</file>
         <name>lsr64.c.obj</name>
      </input_file>
      <input_file id="fl-124">
         <path>/Applications/ti/ccsv8/tools/compiler/ti-cgt-msp430_18.1.1.LTS/lib/</path>
         <kind>archive</kind>
         <file>rts430x_lc_rd_eabi.lib</file>
         <name>pre_init.c.obj</name>
      </input_file>
      <input_file id="fl-125">
         <path>/Applications/ti/ccsv8/tools/compiler/ti-cgt-msp430_18.1.1.LTS/lib/</path>
         <kind>archive</kind>
         <file>rts430x_lc_rd_eabi.lib</file>
         <name>startup.c.obj</name>
      </input_file>
      <input_file id="fl-126">
         <path>/Applications/ti/ccsv8/tools/compiler/ti-cgt-msp430_18.1.1.LTS/lib/</path>
         <kind>archive</kind>
         <file>rts430x_lc_rd_eabi.lib</file>
         <name>copy_decompress_none.c.obj</name>
      </input_file>
      <input_file id="fl-127">
         <path>/Applications/ti/ccsv8/tools/compiler/ti-cgt-msp430_18.1.1.LTS/lib/</path>
         <kind>archive</kind>
         <file>rts430x_lc_rd_eabi.lib</file>
         <name>copy_decompress_lzss.c.obj</name>
      </input_file>
      <input_file id="fl-128">
         <path>/Applications/ti/ccsv8/tools/compiler/ti-cgt-msp430_18.1.1.LTS/lib/</path>
         <kind>archive</kind>
         <file>rts430x_lc_rd_eabi.lib</file>
         <name>exit.c.obj</name>
      </input_file>
      <input_file id="fl-129">
         <path>/Applications/ti/ccsv8/tools/compiler/ti-cgt-msp430_18.1.1.LTS/lib/</path>
         <kind>archive</kind>
         <file>rts430x_lc_rd_eabi.lib</file>
         <name>_lock.c.obj</name>
      </input_file>
      <input_file id="fl-12a">
         <path>/Applications/ti/ccsv8/tools/compiler/ti-cgt-msp430_18.1.1.LTS/lib/</path>
         <kind>archive</kind>
         <file>rts430x_lc_rd_eabi.lib</file>
         <name>args_main.c.obj</name>
      </input_file>
      <input_file id="fl-12b">
         <path>/Applications/ti/ccsv8/tools/compiler/ti-cgt-msp430_18.1.1.LTS/lib/</path>
         <kind>archive</kind>
         <file>rts430x_lc_rd_eabi.lib</file>
         <name>memcpy.c.obj</name>
      </input_file>
      <input_file id="fl-12c">
         <path>/Applications/ti/ccsv8/tools/compiler/ti-cgt-msp430_18.1.1.LTS/lib/</path>
         <kind>archive</kind>
         <file>rts430x_lc_rd_eabi.lib</file>
         <name>exit_gvars.c.obj</name>
      </input_file>
   </input_file_list>
   <object_component_list>
      <object_component id="oc-614">
         <name>.common:Lcd_Orientation</name>
         <uninitialized>true</uninitialized>
         <run_address>0x2b40</run_address>
         <size>0x1</size>
      </object_component>
      <object_component id="oc-605">
         <name>.common:Lcd_ScreenWidth</name>
         <uninitialized>true</uninitialized>
         <run_address>0x2b3a</run_address>
         <size>0x2</size>
      </object_component>
      <object_component id="oc-608">
         <name>.common:Lcd_ScreenHeigth</name>
         <uninitialized>true</uninitialized>
         <run_address>0x2b38</run_address>
         <size>0x2</size>
      </object_component>
      <object_component id="oc-609">
         <name>.common:Lcd_PenSolid</name>
         <uninitialized>true</uninitialized>
         <run_address>0x2b41</run_address>
         <size>0x1</size>
      </object_component>
      <object_component id="oc-60a">
         <name>.common:Lcd_FontSolid</name>
         <uninitialized>true</uninitialized>
         <run_address>0x2b3f</run_address>
         <size>0x1</size>
      </object_component>
      <object_component id="oc-60b">
         <name>.common:Lcd_FlagRead</name>
         <uninitialized>true</uninitialized>
         <run_address>0x2b3e</run_address>
         <size>0x1</size>
      </object_component>
      <object_component id="oc-60c">
         <name>.common:Lcd_TouchTrim</name>
         <uninitialized>true</uninitialized>
         <run_address>0x2b3c</run_address>
         <size>0x2</size>
      </object_component>
      <object_component id="oc-4af">
         <name>.common:drawSpacecraftStack</name>
         <uninitialized>true</uninitialized>
         <run_address>0x2900</run_address>
         <size>0x100</size>
      </object_component>
      <object_component id="oc-4bc">
         <name>.common:drawAliensStack</name>
         <uninitialized>true</uninitialized>
         <run_address>0x2500</run_address>
         <size>0x100</size>
      </object_component>
      <object_component id="oc-4c3">
         <name>.common:drawBombsStack</name>
         <uninitialized>true</uninitialized>
         <run_address>0x2600</run_address>
         <size>0x100</size>
      </object_component>
      <object_component id="oc-4d1">
         <name>.common:drawExplosionsStack</name>
         <uninitialized>true</uninitialized>
         <run_address>0x2800</run_address>
         <size>0x100</size>
      </object_component>
      <object_component id="oc-4ca">
         <name>.common:drawBulletsStack</name>
         <uninitialized>true</uninitialized>
         <run_address>0x2700</run_address>
         <size>0x100</size>
      </object_component>
      <object_component id="oc-4d8">
         <name>.common:adjustBacklightStack</name>
         <uninitialized>true</uninitialized>
         <run_address>0x2400</run_address>
         <size>0x100</size>
      </object_component>
      <object_component id="oc-476">
         <name>.common:g_sContext</name>
         <uninitialized>true</uninitialized>
         <run_address>0x2a78</run_address>
         <size>0x1c</size>
      </object_component>
      <object_component id="oc-6bc">
         <name>.common:spacecraftRect</name>
         <uninitialized>true</uninitialized>
         <run_address>0x2b24</run_address>
         <size>0x8</size>
      </object_component>
      <object_component id="oc-706">
         <name>.common:bulletsRect</name>
         <uninitialized>true</uninitialized>
         <run_address>0x2b04</run_address>
         <size>0x8</size>
      </object_component>
      <object_component id="oc-711">
         <name>.common:explosionRect</name>
         <uninitialized>true</uninitialized>
         <run_address>0x2b0c</run_address>
         <size>0x8</size>
      </object_component>
      <object_component id="oc-6e3">
         <name>.common:alienRect</name>
         <uninitialized>true</uninitialized>
         <run_address>0x2af4</run_address>
         <size>0x8</size>
      </object_component>
      <object_component id="oc-6ed">
         <name>.common:bombRect</name>
         <uninitialized>true</uninitialized>
         <run_address>0x2afc</run_address>
         <size>0x8</size>
      </object_component>
      <object_component id="oc-71e">
         <name>.common:lux</name>
         <uninitialized>true</uninitialized>
         <run_address>0x2b2c</run_address>
         <size>0x4</size>
      </object_component>
      <object_component id="oc-727">
         <name>.common:luxDiff</name>
         <uninitialized>true</uninitialized>
         <run_address>0x2b30</run_address>
         <size>0x4</size>
      </object_component>
      <object_component id="oc-5de">
         <name>.common:spacecraftPosition</name>
         <uninitialized>true</uninitialized>
         <run_address>0x2b1c</run_address>
         <size>0x8</size>
      </object_component>
      <object_component id="oc-5df">
         <name>.common:previousSpacecraftPosition</name>
         <uninitialized>true</uninitialized>
         <run_address>0x2b14</run_address>
         <size>0x8</size>
      </object_component>
      <object_component id="oc-5d0">
         <name>.common:bullets</name>
         <uninitialized>true</uninitialized>
         <run_address>0x2a00</run_address>
         <size>0x28</size>
      </object_component>
      <object_component id="oc-5d3">
         <name>.common:previousBullets</name>
         <uninitialized>true</uninitialized>
         <run_address>0x2a50</run_address>
         <size>0x28</size>
      </object_component>
      <object_component id="oc-701">
         <name>.common:currentFireButtonState</name>
         <uninitialized>true</uninitialized>
         <run_address>0x2b42</run_address>
         <size>0x1</size>
      </object_component>
      <object_component id="oc-702">
         <name>.common:previousFireButtonState</name>
         <uninitialized>true</uninitialized>
         <run_address>0x2b44</run_address>
         <size>0x1</size>
      </object_component>
      <object_component id="oc-5d4">
         <name>.common:aliens</name>
         <uninitialized>true</uninitialized>
         <run_address>0x2adc</run_address>
         <size>0xc</size>
      </object_component>
      <object_component id="oc-5d5">
         <name>.common:previousAliens</name>
         <uninitialized>true</uninitialized>
         <run_address>0x2ae8</run_address>
         <size>0xc</size>
      </object_component>
      <object_component id="oc-5dd">
         <name>.common:explosions</name>
         <uninitialized>true</uninitialized>
         <run_address>0x2a28</run_address>
         <size>0x28</size>
      </object_component>
      <object_component id="oc-5d6">
         <name>.common:bombs</name>
         <uninitialized>true</uninitialized>
         <run_address>0x2a94</run_address>
         <size>0x18</size>
      </object_component>
      <object_component id="oc-5d7">
         <name>.common:previousbombs</name>
         <uninitialized>true</uninitialized>
         <run_address>0x2aac</run_address>
         <size>0x18</size>
      </object_component>
      <object_component id="oc-3fd">
         <name>.common:stack_pointer</name>
         <uninitialized>true</uninitialized>
         <run_address>0x2ac4</run_address>
         <size>0x18</size>
      </object_component>
      <object_component id="oc-3f9">
         <name>.common:currentRunningTask</name>
         <uninitialized>true</uninitialized>
         <run_address>0x2b43</run_address>
         <size>0x1</size>
      </object_component>
      <object_component id="oc-3fc">
         <name>.common:tempSP</name>
         <uninitialized>true</uninitialized>
         <run_address>0x2b34</run_address>
         <size>0x4</size>
      </object_component>
      <object_component id="oc-8f3">
         <name>.data</name>
         <load_address>0x2b7c</load_address>
         <run_address>0x2b7c</run_address>
         <size>0x8</size>
         <input_file_ref idref="fl-24"/>
      </object_component>
      <object_component id="oc-479">
         <name>.data:g_sCrystalfontz128x128</name>
         <load_address>0x2b46</load_address>
         <run_address>0x2b46</run_address>
         <size>0x2c</size>
         <input_file_ref idref="fl-ce"/>
      </object_component>
      <object_component id="oc-6b3">
         <name>.data:drawSpacecraftGraphicsCaller</name>
         <load_address>0x2b9c</load_address>
         <run_address>0x2b9c</run_address>
         <size>0x6</size>
         <input_file_ref idref="fl-d2"/>
      </object_component>
      <object_component id="oc-6e0">
         <name>.data:drawAliensGraphicsCaller</name>
         <load_address>0x2b84</load_address>
         <run_address>0x2b84</run_address>
         <size>0x6</size>
         <input_file_ref idref="fl-d2"/>
      </object_component>
      <object_component id="oc-708">
         <name>.data:drawExplosionsGraphicsCaller</name>
         <load_address>0x2b96</load_address>
         <run_address>0x2b96</run_address>
         <size>0x6</size>
         <input_file_ref idref="fl-d2"/>
      </object_component>
      <object_component id="oc-703">
         <name>.data:drawBulletsGraphicsCaller</name>
         <load_address>0x2b90</load_address>
         <run_address>0x2b90</run_address>
         <size>0x6</size>
         <input_file_ref idref="fl-d2"/>
      </object_component>
      <object_component id="oc-6ea">
         <name>.data:drawBombsGraphicsCaller</name>
         <load_address>0x2b8a</load_address>
         <run_address>0x2b8a</run_address>
         <size>0x6</size>
         <input_file_ref idref="fl-d2"/>
      </object_component>
      <object_component id="oc-6b0">
         <name>.data:graphicsSemaphore</name>
         <load_address>0x2b72</load_address>
         <run_address>0x2b72</run_address>
         <size>0xa</size>
         <input_file_ref idref="fl-d2"/>
      </object_component>
      <object_component id="oc-71f">
         <name>.data</name>
         <load_address>0x2ba8</load_address>
         <run_address>0x2ba8</run_address>
         <size>0x4</size>
         <input_file_ref idref="fl-d2"/>
      </object_component>
      <object_component id="oc-6a1">
         <name>.data</name>
         <load_address>0x2ba2</load_address>
         <run_address>0x2ba2</run_address>
         <size>0x6</size>
         <input_file_ref idref="fl-d6"/>
      </object_component>
      <object_component id="oc-6d6">
         <name>.data</name>
         <load_address>0x2bac</load_address>
         <run_address>0x2bac</run_address>
         <size>0x1</size>
         <input_file_ref idref="fl-d7"/>
      </object_component>
      <object_component id="oc-37d">
         <name>.stack</name>
         <uninitialized>true</uninitialized>
         <run_address>0x4360</run_address>
         <size>0x4</size>
         <input_file_ref idref="fl-11e"/>
      </object_component>
      <object_component id="oc-9d5">
         <name>.stack</name>
         <uninitialized>true</uninitialized>
         <run_address>0x4360</run_address>
         <size>0x0</size>
      </object_component>
      <object_component id="oc-70b">
         <name>.text:Graphics_fillCircle</name>
         <load_address>0x10000</load_address>
         <run_address>0x10000</run_address>
         <size>0x562</size>
         <input_file_ref idref="fl-c5"/>
      </object_component>
      <object_component id="oc-4cb">
         <name>.text:drawBullets</name>
         <load_address>0x10562</load_address>
         <run_address>0x10562</run_address>
         <size>0x504</size>
         <input_file_ref idref="fl-d2"/>
      </object_component>
      <object_component id="oc-4c4">
         <name>.text:drawBombs</name>
         <load_address>0x10a66</load_address>
         <run_address>0x10a66</run_address>
         <size>0x468</size>
         <input_file_ref idref="fl-d2"/>
      </object_component>
      <object_component id="oc-4d2">
         <name>.text:drawExplosions</name>
         <load_address>0x10ece</load_address>
         <run_address>0x10ece</run_address>
         <size>0x2ce</size>
         <input_file_ref idref="fl-d2"/>
      </object_component>
      <object_component id="oc-4bd">
         <name>.text:drawAliens</name>
         <load_address>0x1119c</load_address>
         <run_address>0x1119c</run_address>
         <size>0x28e</size>
         <input_file_ref idref="fl-d2"/>
      </object_component>
      <object_component id="oc-628">
         <name>.text:Crystalfontz128x128_PixelDrawMultiple</name>
         <load_address>0x1142a</load_address>
         <run_address>0x1142a</run_address>
         <size>0x1ec</size>
         <input_file_ref idref="fl-ce"/>
      </object_component>
      <object_component id="oc-452">
         <name>.text:initTimers</name>
         <load_address>0x11616</load_address>
         <run_address>0x11616</run_address>
         <size>0x1c2</size>
         <input_file_ref idref="fl-d9"/>
      </object_component>
      <object_component id="oc-8fb">
         <name>.text:privateUCSSourceClockFromDCO</name>
         <load_address>0x117d8</load_address>
         <run_address>0x117d8</run_address>
         <size>0x18a</size>
         <input_file_ref idref="fl-24"/>
      </object_component>
      <object_component id="oc-4b0">
         <name>.text:drawSpacecraft</name>
         <load_address>0x11962</load_address>
         <run_address>0x11962</run_address>
         <size>0x182</size>
         <input_file_ref idref="fl-d2"/>
      </object_component>
      <object_component id="oc-464">
         <name>.text:initObjects</name>
         <load_address>0x11ae4</load_address>
         <run_address>0x11ae4</run_address>
         <size>0x15a</size>
         <input_file_ref idref="fl-d6"/>
      </object_component>
      <object_component id="oc-819">
         <name>.text:privateUCSComputeCLKFrequency</name>
         <load_address>0x11c3e</load_address>
         <run_address>0x11c3e</run_address>
         <size>0x158</size>
         <input_file_ref idref="fl-24"/>
      </object_component>
      <object_component id="oc-713">
         <name>.text:OPT3001_getLux</name>
         <load_address>0x11d96</load_address>
         <run_address>0x11d96</run_address>
         <size>0x156</size>
         <input_file_ref idref="fl-d1"/>
      </object_component>
      <object_component id="oc-88a">
         <name>.text:Graphics_drawLineH</name>
         <load_address>0x11eec</load_address>
         <run_address>0x11eec</run_address>
         <size>0x144</size>
         <input_file_ref idref="fl-ca"/>
      </object_component>
      <object_component id="oc-46a">
         <name>.text:Crystalfontz128x128_Init</name>
         <load_address>0x12030</load_address>
         <run_address>0x12030</run_address>
         <size>0x142</size>
         <input_file_ref idref="fl-ce"/>
      </object_component>
      <object_component id="oc-722">
         <name>.text</name>
         <load_address>0x12172</load_address>
         <run_address>0x12172</run_address>
         <size>0x132</size>
         <input_file_ref idref="fl-fe"/>
      </object_component>
      <object_component id="oc-78e">
         <name>.text:UCS_initFLL</name>
         <load_address>0x122a4</load_address>
         <run_address>0x122a4</run_address>
         <size>0x12e</size>
         <input_file_ref idref="fl-24"/>
      </object_component>
      <object_component id="oc-6d0">
         <name>.text:initializeStack</name>
         <load_address>0x123d2</load_address>
         <run_address>0x123d2</run_address>
         <size>0x12c</size>
         <input_file_ref idref="fl-d7"/>
      </object_component>
      <object_component id="oc-780">
         <name>.text:PMM_setVCoreUp</name>
         <load_address>0x124fe</load_address>
         <run_address>0x124fe</run_address>
         <size>0x10e</size>
         <input_file_ref idref="fl-16"/>
      </object_component>
      <object_component id="oc-532">
         <name>.text:UCS_initClockSignal</name>
         <load_address>0x1260c</load_address>
         <run_address>0x1260c</run_address>
         <size>0xfe</size>
         <input_file_ref idref="fl-24"/>
      </object_component>
      <object_component id="oc-4d9">
         <name>.text:adjustBacklight</name>
         <load_address>0x1270a</load_address>
         <run_address>0x1270a</run_address>
         <size>0xf8</size>
         <input_file_ref idref="fl-d2"/>
      </object_component>
      <object_component id="oc-60d">
         <name>.text:Crystalfontz128x128_SetDrawFrame</name>
         <load_address>0x12802</load_address>
         <run_address>0x12802</run_address>
         <size>0xd0</size>
         <input_file_ref idref="fl-ce"/>
      </object_component>
      <object_component id="oc-786">
         <name>.text:PMM_setVCoreDown</name>
         <load_address>0x128d2</load_address>
         <run_address>0x128d2</run_address>
         <size>0xc8</size>
         <input_file_ref idref="fl-16"/>
      </object_component>
      <object_component id="oc-892">
         <name>.text:I2C_read16</name>
         <load_address>0x1299a</load_address>
         <run_address>0x1299a</run_address>
         <size>0xbe</size>
         <input_file_ref idref="fl-cf"/>
      </object_component>
      <object_component id="oc-6c3">
         <name>.text:Graphics_fillRectangle</name>
         <load_address>0x12a58</load_address>
         <run_address>0x12a58</run_address>
         <size>0xbc</size>
         <input_file_ref idref="fl-cc"/>
      </object_component>
      <object_component id="oc-40d">
         <name>.text:main</name>
         <load_address>0x12b14</load_address>
         <run_address>0x12b14</run_address>
         <size>0xbc</size>
         <input_file_ref idref="fl-d2"/>
      </object_component>
      <object_component id="oc-72d">
         <name>.text</name>
         <load_address>0x12bd0</load_address>
         <run_address>0x12bd0</run_address>
         <size>0xb8</size>
         <input_file_ref idref="fl-100"/>
      </object_component>
      <object_component id="oc-542">
         <name>.text:Timer_A_initUpMode</name>
         <load_address>0x12c88</load_address>
         <run_address>0x12c88</run_address>
         <size>0xb4</size>
         <input_file_ref idref="fl-20"/>
      </object_component>
      <object_component id="oc-63a">
         <name>.text:Crystalfontz128x128_RectFill</name>
         <load_address>0x12d3c</load_address>
         <run_address>0x12d3c</run_address>
         <size>0x8c</size>
         <input_file_ref idref="fl-ce"/>
      </object_component>
      <object_component id="oc-45e">
         <name>.text:initJoystickADC</name>
         <load_address>0x12dc8</load_address>
         <run_address>0x12dc8</run_address>
         <size>0x8c</size>
         <input_file_ref idref="fl-d5"/>
      </object_component>
      <object_component id="oc-52c">
         <name>.text:PMM_setVCore</name>
         <load_address>0x12e54</load_address>
         <run_address>0x12e54</run_address>
         <size>0x88</size>
         <input_file_ref idref="fl-16"/>
      </object_component>
      <object_component id="oc-7d2">
         <name>.text:USCI_B_SPI_initMaster</name>
         <load_address>0x12edc</load_address>
         <run_address>0x12edc</run_address>
         <size>0x80</size>
         <input_file_ref idref="fl-28"/>
      </object_component>
      <object_component id="oc-5a0">
         <name>.text:ADC12_A_init</name>
         <load_address>0x12f5c</load_address>
         <run_address>0x12f5c</run_address>
         <size>0x78</size>
         <input_file_ref idref="fl-3"/>
      </object_component>
      <object_component id="oc-47c">
         <name>.text:Graphics_initContext</name>
         <load_address>0x12fd4</load_address>
         <run_address>0x12fd4</run_address>
         <size>0x78</size>
         <input_file_ref idref="fl-c6"/>
      </object_component>
      <object_component id="oc-6d">
         <name>.text:decompress:lzss:__TI_decompress_lzss</name>
         <load_address>0x1304c</load_address>
         <run_address>0x1304c</run_address>
         <size>0x76</size>
         <input_file_ref idref="fl-127"/>
      </object_component>
      <object_component id="oc-581">
         <name>.text:GPIO_setAsInputPinWithPullUpResistor</name>
         <load_address>0x130c2</load_address>
         <run_address>0x130c2</run_address>
         <size>0x68</size>
         <input_file_ref idref="fl-10"/>
      </object_component>
      <object_component id="oc-6aa">
         <name>.text:mapValToRange</name>
         <load_address>0x1312a</load_address>
         <run_address>0x1312a</run_address>
         <size>0x68</size>
         <input_file_ref idref="fl-d2"/>
      </object_component>
      <object_component id="oc-6b6">
         <name>.text:wait</name>
         <load_address>0x13192</load_address>
         <run_address>0x13192</run_address>
         <size>0x60</size>
         <input_file_ref idref="fl-d8"/>
      </object_component>
      <object_component id="oc-62e">
         <name>.text:Crystalfontz128x128_LineDrawH</name>
         <load_address>0x131f2</load_address>
         <run_address>0x131f2</run_address>
         <size>0x5e</size>
         <input_file_ref idref="fl-ce"/>
      </object_component>
      <object_component id="oc-634">
         <name>.text:Crystalfontz128x128_LineDrawV</name>
         <load_address>0x13250</load_address>
         <run_address>0x13250</run_address>
         <size>0x5e</size>
         <input_file_ref idref="fl-ce"/>
      </object_component>
      <object_component id="oc-54b">
         <name>.text:Timer_A_initCompareMode</name>
         <load_address>0x132ae</load_address>
         <run_address>0x132ae</run_address>
         <size>0x5e</size>
         <input_file_ref idref="fl-20"/>
      </object_component>
      <object_component id="oc-58d">
         <name>.text:GPIO_selectInterruptEdge</name>
         <load_address>0x1330c</load_address>
         <run_address>0x1330c</run_address>
         <size>0x5c</size>
         <input_file_ref idref="fl-10"/>
      </object_component>
      <object_component id="oc-57b">
         <name>.text:GPIO_setAsInputPin</name>
         <load_address>0x13368</load_address>
         <run_address>0x13368</run_address>
         <size>0x5c</size>
         <input_file_ref idref="fl-10"/>
      </object_component>
      <object_component id="oc-676">
         <name>.text:USCI_B_I2C_initMaster</name>
         <load_address>0x133c4</load_address>
         <run_address>0x133c4</run_address>
         <size>0x5c</size>
         <input_file_ref idref="fl-27"/>
      </object_component>
      <object_component id="oc-842">
         <name>.text:USCI_B_I2C_masterSendMultiByteStart</name>
         <load_address>0x13420</load_address>
         <run_address>0x13420</run_address>
         <size>0x5a</size>
         <input_file_ref idref="fl-27"/>
      </object_component>
      <object_component id="oc-458">
         <name>.text:initGPIO</name>
         <load_address>0x1347a</load_address>
         <run_address>0x1347a</run_address>
         <size>0x5a</size>
         <input_file_ref idref="fl-d4"/>
      </object_component>
      <object_component id="oc-640">
         <name>.text:Crystalfontz128x128_ColorTranslate</name>
         <load_address>0x134d4</load_address>
         <run_address>0x134d4</run_address>
         <size>0x58</size>
         <input_file_ref idref="fl-ce"/>
      </object_component>
      <object_component id="oc-470">
         <name>.text:Crystalfontz128x128_SetOrientation</name>
         <load_address>0x1352c</load_address>
         <run_address>0x1352c</run_address>
         <size>0x58</size>
         <input_file_ref idref="fl-ce"/>
      </object_component>
      <object_component id="oc-820">
         <name>.text</name>
         <load_address>0x13584</load_address>
         <run_address>0x13584</run_address>
         <size>0x58</size>
         <input_file_ref idref="fl-fd"/>
      </object_component>
      <object_component id="oc-694">
         <name>.text:I2C_write16</name>
         <load_address>0x135dc</load_address>
         <run_address>0x135dc</run_address>
         <size>0x56</size>
         <input_file_ref idref="fl-cf"/>
      </object_component>
      <object_component id="oc-5e7">
         <name>.text:HAL_LCD_SpiInit</name>
         <load_address>0x13632</load_address>
         <run_address>0x13632</run_address>
         <size>0x54</size>
         <input_file_ref idref="fl-d0"/>
      </object_component>
      <object_component id="oc-50a">
         <name>.text:__TI_auto_init_nobinit_nopinit_hold_wdt:__TI_auto_init_nobinit_nopinit_hold_wdt</name>
         <load_address>0x13686</load_address>
         <run_address>0x13686</run_address>
         <size>0x54</size>
         <input_file_ref idref="fl-11f"/>
      </object_component>
      <object_component id="oc-73e">
         <name>.text:ADC12_A_startConversion</name>
         <load_address>0x136da</load_address>
         <run_address>0x136da</run_address>
         <size>0x4e</size>
         <input_file_ref idref="fl-3"/>
      </object_component>
      <object_component id="oc-7c8">
         <name>.text:GPIO_setAsOutputPin</name>
         <load_address>0x13728</load_address>
         <run_address>0x13728</run_address>
         <size>0x4e</size>
         <input_file_ref idref="fl-10"/>
      </object_component>
      <object_component id="oc-587">
         <name>.text:GPIO_setAsPeripheralModuleFunctionOutputPin</name>
         <load_address>0x13776</load_address>
         <run_address>0x13776</run_address>
         <size>0x4e</size>
         <input_file_ref idref="fl-10"/>
      </object_component>
      <object_component id="oc-538">
         <name>.text:UCS_initFLLSettle</name>
         <load_address>0x137c4</load_address>
         <run_address>0x137c4</run_address>
         <size>0x4e</size>
         <input_file_ref idref="fl-24"/>
      </object_component>
      <object_component id="oc-6fb">
         <name>.text:GPIO_getInputPinValue</name>
         <load_address>0x13812</load_address>
         <run_address>0x13812</run_address>
         <size>0x4c</size>
         <input_file_ref idref="fl-10"/>
      </object_component>
      <object_component id="oc-86e">
         <name>.text:removeCallerFromSem</name>
         <load_address>0x1385e</load_address>
[...]
      </symbol>
      <symbol id="sm-92e">
         <name>drawAliensGraphicsCaller</name>
         <value>0x2b84</value>
         <object_component_ref idref="oc-6e0"/>
      </symbol>
      <symbol id="sm-92f">
         <name>drawExplosions</name>
         <value>0x10ece</value>
         <object_component_ref idref="oc-4d2"/>
      </symbol>
      <symbol id="sm-930">
         <name>__TI_int47</name>
         <value>0xffde</value>
         <object_component_ref idref="oc-7f"/>
      </symbol>
      <symbol id="sm-931">
         <name>drawBombs</name>
         <value>0x10a66</value>
         <object_component_ref idref="oc-4c4"/>
      </symbol>
      <symbol id="sm-932">
         <name>main</name>
         <value>0x12b14</value>
         <object_component_ref idref="oc-40d"/>
      </symbol>
      <symbol id="sm-933">
         <name>drawAliens</name>
         <value>0x1119c</value>
         <object_component_ref idref="oc-4bd"/>
      </symbol>
      <symbol id="sm-934">
         <name>mapValToRange</name>
         <value>0x1312a</value>
         <object_component_ref idref="oc-6aa"/>
      </symbol>
      <symbol id="sm-935">
         <name>drawSpacecraftGraphicsCaller</name>
         <value>0x2b9c</value>
         <object_component_ref idref="oc-6b3"/>
      </symbol>
      <symbol id="sm-936">
         <name>drawBulletsGraphicsCaller</name>
         <value>0x2b90</value>
         <object_component_ref idref="oc-703"/>
      </symbol>
      <symbol id="sm-937">
         <name>drawExplosionsGraphicsCaller</name>
         <value>0x2b96</value>
         <object_component_ref idref="oc-708"/>
      </symbol>
      <symbol id="sm-938">
         <name>drawSpacecraft</name>
         <value>0x11962</value>
         <object_component_ref idref="oc-4b0"/>
      </symbol>
      <symbol id="sm-939">
         <name>drawBombsGraphicsCaller</name>
         <value>0x2b8a</value>
         <object_component_ref idref="oc-6ea"/>
      </symbol>
      <symbol id="sm-942">
         <name>initClocks</name>
         <value>0x1408c</value>
         <object_component_ref idref="oc-44c"/>
      </symbol>
      <symbol id="sm-94b">
         <name>initGPIO</name>
         <value>0x1347a</value>
         <object_component_ref idref="oc-458"/>
      </symbol>
      <symbol id="sm-963">
         <name>initJoystickADC</name>
         <value>0x12dc8</value>
         <object_component_ref idref="oc-45e"/>
      </symbol>
      <symbol id="sm-97d">
         <name>spacecraftPosition</name>
         <value>0x2b1c</value>
      </symbol>
      <symbol id="sm-97e">
         <name>previousSpacecraftPosition</name>
         <value>0x2b14</value>
      </symbol>
      <symbol id="sm-97f">
         <name>bullets</name>
         <value>0x2a00</value>
      </symbol>
      <symbol id="sm-980">
         <name>previousBullets</name>
         <value>0x2a50</value>
      </symbol>
      <symbol id="sm-981">
         <name>currentFireButtonState</name>
         <value>0x2b42</value>
      </symbol>
      <symbol id="sm-982">
         <name>previousFireButtonState</name>
         <value>0x2b44</value>
      </symbol>
      <symbol id="sm-983">
         <name>aliens</name>
         <value>0x2adc</value>
      </symbol>
      <symbol id="sm-984">
         <name>previousAliens</name>
         <value>0x2ae8</value>
      </symbol>
      <symbol id="sm-985">
         <name>explosions</name>
         <value>0x2a28</value>
      </symbol>
      <symbol id="sm-986">
         <name>bombs</name>
         <value>0x2a94</value>
      </symbol>
      <symbol id="sm-987">
         <name>previousbombs</name>
         <value>0x2aac</value>
      </symbol>
      <symbol id="sm-988">
         <name>currentBomb</name>
         <value>0x2ba6</value>
         <object_component_ref idref="oc-6a1"/>
      </symbol>
      <symbol id="sm-989">
         <name>bombTimerCounter</name>
         <value>0x2ba7</value>
         <object_component_ref idref="oc-6a1"/>
      </symbol>
      <symbol id="sm-98a">
         <name>pwmFireCounter</name>
         <value>0x2ba2</value>
         <object_component_ref idref="oc-6a1"/>
      </symbol>
      <symbol id="sm-98b">
         <name>spacecraftIsDestroyed</name>
         <value>0x2ba4</value>
         <object_component_ref idref="oc-6a1"/>
      </symbol>
      <symbol id="sm-98c">
         <name>pwmExplosionCounter</name>
         <value>0x2ba3</value>
         <object_component_ref idref="oc-6a1"/>
      </symbol>
      <symbol id="sm-98d">
         <name>initObjects</name>
         <value>0x11ae4</value>
         <object_component_ref idref="oc-464"/>
      </symbol>
      <symbol id="sm-98e">
         <name>currentBullet</name>
         <value>0x2ba5</value>
         <object_component_ref idref="oc-6a1"/>
      </symbol>
      <symbol id="sm-9be">
         <name>stack_pointer</name>
         <value>0x2ac4</value>
      </symbol>
      <symbol id="sm-9bf">
         <name>currentRunningTask</name>
         <value>0x2b43</value>
      </symbol>
      <symbol id="sm-9c0">
         <name>tempSP</name>
         <value>0x2b34</value>
      </symbol>
      <symbol id="sm-9c1">
         <name>__TI_int52</name>
         <value>0xffe8</value>
         <object_component_ref idref="oc-84"/>
      </symbol>
      <symbol id="sm-9c2">
         <name>initializeStack</name>
         <value>0x123d2</value>
         <object_component_ref idref="oc-6d0"/>
      </symbol>
      <symbol id="sm-9c3">
         <name>startScheduler</name>
         <value>0x139c4</value>
         <object_component_ref idref="oc-4df"/>
      </symbol>
      <symbol id="sm-9c4">
         <name>addTaskToScheduler</name>
         <value>0x14062</value>
         <object_component_ref idref="oc-4b6"/>
      </symbol>
      <symbol id="sm-9c5">
         <name>TIMER0_A1_ISR</name>
         <value>0x4400</value>
         <object_component_ref idref="oc-3a4"/>
      </symbol>
      <symbol id="sm-9f0">
         <name>removeCallerFromSem</name>
         <value>0x1385e</value>
         <object_component_ref idref="oc-86e"/>
      </symbol>
      <symbol id="sm-9f1">
         <name>wait</name>
         <value>0x13192</value>
         <object_component_ref idref="oc-6b6"/>
      </symbol>
      <symbol id="sm-9f2">
         <name>addCallerToSem</name>
         <value>0x138f4</value>
         <object_component_ref idref="oc-863"/>
      </symbol>
      <symbol id="sm-9f3">
         <name>signal</name>
         <value>0x13d04</value>
         <object_component_ref idref="oc-6c9"/>
      </symbol>
      <symbol id="sm-a3b">
         <name>initTimers</name>
         <value>0x11616</value>
         <object_component_ref idref="oc-452"/>
      </symbol>
      <symbol id="sm-a47">
         <name>__mspabi_remi</name>
         <value>0x1400c</value>
         <object_component_ref idref="oc-6e5"/>
      </symbol>
      <symbol id="sm-a48">
         <name>__mspabi_divi</name>
         <value>0x1400c</value>
         <object_component_ref idref="oc-6e5"/>
      </symbol>
      <symbol id="sm-a52">
         <name>__mspabi_remu</name>
         <value>0x14360</value>
         <object_component_ref idref="oc-87b"/>
      </symbol>
      <symbol id="sm-a53">
         <name>__mspabi_divu</name>
         <value>0x14360</value>
         <object_component_ref idref="oc-87b"/>
      </symbol>
      <symbol id="sm-a5f">
         <name>__mspabi_remli</name>
         <value>0x13b90</value>
         <object_component_ref idref="oc-8f6"/>
      </symbol>
      <symbol id="sm-a60">
         <name>__mspabi_divli</name>
         <value>0x13b90</value>
         <object_component_ref idref="oc-8f6"/>
      </symbol>
      <symbol id="sm-a6e">
         <name>__mspabi_remul</name>
         <value>0x13584</value>
         <object_component_ref idref="oc-820"/>
      </symbol>
      <symbol id="sm-a6f">
         <name>__mspabi_divul</name>
         <value>0x13584</value>
         <object_component_ref idref="oc-820"/>
      </symbol>
      <symbol id="sm-a8a">
         <name>__mspabi_subf</name>
         <value>0x12172</value>
         <object_component_ref idref="oc-722"/>
      </symbol>
      <symbol id="sm-a8b">
         <name>__mspabi_addf</name>
         <value>0x12178</value>
         <object_component_ref idref="oc-722"/>
      </symbol>
      <symbol id="sm-a9b">
         <name>__mspabi_cmpf</name>
         <value>0x138aa</value>
         <object_component_ref idref="oc-728"/>
      </symbol>
      <symbol id="sm-ab2">
         <name>__mspabi_mpyf</name>
         <value>0x12bd0</value>
         <object_component_ref idref="oc-72d"/>
      </symbol>
      <symbol id="sm-ac1">
         <name>__mspabi_fixfu</name>
         <value>0x1393a</value>
         <object_component_ref idref="oc-732"/>
      </symbol>
      <symbol id="sm-acd">
         <name>__mspabi_fltulf</name>
         <value>0x13f20</value>
         <object_component_ref idref="oc-719"/>
      </symbol>
      <symbol id="sm-ad0">
         <name>__TI_int41</name>
         <value>0xffd2</value>
         <object_component_ref idref="oc-79"/>
      </symbol>
      <symbol id="sm-ad3">
         <name>__TI_int42</name>
         <value>0xffd4</value>
         <object_component_ref idref="oc-7a"/>
      </symbol>
      <symbol id="sm-ad6">
         <name>__TI_int43</name>
         <value>0xffd6</value>
         <object_component_ref idref="oc-7b"/>
      </symbol>
      <symbol id="sm-ad9">
         <name>__TI_int44</name>
         <value>0xffd8</value>
         <object_component_ref idref="oc-7c"/>
      </symbol>
      <symbol id="sm-adc">
         <name>__TI_int45</name>
         <value>0xffda</value>
         <object_component_ref idref="oc-7d"/>
      </symbol>
      <symbol id="sm-adf">
         <name>__TI_int46</name>
         <value>0xffdc</value>
         <object_component_ref idref="oc-7e"/>
      </symbol>
      <symbol id="sm-ae2">
         <name>__TI_int48</name>
         <value>0xffe0</value>
         <object_component_ref idref="oc-80"/>
      </symbol>
      <symbol id="sm-ae5">
         <name>__TI_int49</name>
         <value>0xffe2</value>
         <object_component_ref idref="oc-81"/>
      </symbol>
      <symbol id="sm-ae8">
         <name>__TI_int50</name>
         <value>0xffe4</value>
         <object_component_ref idref="oc-82"/>
      </symbol>
      <symbol id="sm-aeb">
         <name>__TI_int51</name>
         <value>0xffe6</value>
         <object_component_ref idref="oc-83"/>
      </symbol>
      <symbol id="sm-aee">
         <name>__TI_int53</name>
         <value>0xffea</value>
         <object_component_ref idref="oc-85"/>
      </symbol>
      <symbol id="sm-af1">
         <name>__TI_int54</name>
         <value>0xffec</value>
         <object_component_ref idref="oc-86"/>
      </symbol>
      <symbol id="sm-af4">
         <name>__TI_int55</name>
         <value>0xffee</value>
         <object_component_ref idref="oc-87"/>
      </symbol>
      <symbol id="sm-af7">
         <name>__TI_int56</name>
         <value>0xfff0</value>
         <object_component_ref idref="oc-88"/>
      </symbol>
      <symbol id="sm-afa">
         <name>__TI_int57</name>
         <value>0xfff2</value>
         <object_component_ref idref="oc-89"/>
      </symbol>
      <symbol id="sm-afd">
         <name>__TI_int58</name>
         <value>0xfff4</value>
         <object_component_ref idref="oc-8a"/>
      </symbol>
      <symbol id="sm-b00">
         <name>__TI_int59</name>
         <value>0xfff6</value>
         <object_component_ref idref="oc-8b"/>
      </symbol>
      <symbol id="sm-b03">
         <name>__TI_int60</name>
         <value>0xfff8</value>
         <object_component_ref idref="oc-8c"/>
      </symbol>
      <symbol id="sm-b06">
         <name>__TI_int61</name>
         <value>0xfffa</value>
         <object_component_ref idref="oc-8d"/>
      </symbol>
      <symbol id="sm-b09">
         <name>__TI_int62</name>
         <value>0xfffc</value>
         <object_component_ref idref="oc-8e"/>
      </symbol>
      <symbol id="sm-b11">
         <name>__TI_ISR_TRAP</name>
         <value>0x44aa</value>
         <object_component_ref idref="oc-399"/>
      </symbol>
      <symbol id="sm-b1a">
         <name>__mspabi_slli</name>
         <value>0x14452</value>
         <object_component_ref idref="oc-953"/>
      </symbol>
      <symbol id="sm-b22">
         <name>__mspabi_slll_9</name>
         <value>0x13c64</value>
         <object_component_ref idref="oc-898"/>
      </symbol>
      <symbol id="sm-b23">
         <name>__mspabi_slll_8</name>
         <value>0x13c68</value>
         <object_component_ref idref="oc-898"/>
      </symbol>
      <symbol id="sm-b24">
         <name>__mspabi_slll_7</name>
         <value>0x13c6c</value>
         <object_component_ref idref="oc-898"/>
      </symbol>
      <symbol id="sm-b25">
         <name>__mspabi_slll_6</name>
         <value>0x13c70</value>
         <object_component_ref idref="oc-898"/>
      </symbol>
      <symbol id="sm-b26">
         <name>__mspabi_slll_5</name>
         <value>0x13c74</value>
         <object_component_ref idref="oc-898"/>
      </symbol>
      <symbol id="sm-b27">
         <name>__mspabi_slll_4</name>
         <value>0x13c78</value>
         <object_component_ref idref="oc-898"/>
      </symbol>
      <symbol id="sm-b28">
         <name>__mspabi_slll_3</name>
         <value>0x13c7c</value>
         <object_component_ref idref="oc-898"/>
      </symbol>
      <symbol id="sm-b29">
         <name>__mspabi_slll_2</name>
         <value>0x13c80</value>
         <object_component_ref idref="oc-898"/>
      </symbol>
      <symbol id="sm-b2a">
         <name>__mspabi_slll_1</name>
         <value>0x13c84</value>
         <object_component_ref idref="oc-898"/>
      </symbol>
      <symbol id="sm-b2b">
         <name>__mspabi_slll_15</name>
         <value>0x13c4c</value>
         <object_component_ref idref="oc-898"/>
      </symbol>
      <symbol id="sm-b2c">
         <name>__mspabi_slll_14</name>
         <value>0x13c50</value>
         <object_component_ref idref="oc-898"/>
      </symbol>
      <symbol id="sm-b2d">
         <name>__mspabi_slll_13</name>
         <value>0x13c54</value>
         <object_component_ref idref="oc-898"/>
      </symbol>
      <symbol id="sm-b2e">
         <name>__mspabi_slll_12</name>
         <value>0x13c58</value>
         <object_component_ref idref="oc-898"/>
      </symbol>
      <symbol id="sm-b2f">
         <name>__mspabi_slll_11</name>
         <value>0x13c5c</value>
         <object_component_ref idref="oc-898"/>
      </symbol>
      <symbol id="sm-b30">
         <name>__mspabi_slll_10</name>
         <value>0x13c60</value>
         <object_component_ref idref="oc-898"/>
      </symbol>
      <symbol id="sm-b39">
         <name>__mspabi_srli</name>
         <value>0x1445c</value>
         <object_component_ref idref="oc-7f9"/>
      </symbol>
      <symbol id="sm-b41">
         <name>__mspabi_srll_8</name>
         <value>0x13ca6</value>
         <object_component_ref idref="oc-802"/>
      </symbol>
      <symbol id="sm-b42">
         <name>__mspabi_srll_9</name>
         <value>0x13ca2</value>
         <object_component_ref idref="oc-802"/>
      </symbol>
      <symbol id="sm-b43">
         <name>__mspabi_srll_6</name>
         <value>0x13cae</value>
         <object_component_ref idref="oc-802"/>
      </symbol>
      <symbol id="sm-b44">
         <name>__mspabi_srll_7</name>
         <value>0x13caa</value>
         <object_component_ref idref="oc-802"/>
      </symbol>
      <symbol id="sm-b45">
         <name>__mspabi_srll_4</name>
         <value>0x13cb6</value>
         <object_component_ref idref="oc-802"/>
      </symbol>
      <symbol id="sm-b46">
         <name>__mspabi_srll_5</name>
         <value>0x13cb2</value>
         <object_component_ref idref="oc-802"/>
      </symbol>
      <symbol id="sm-b47">
         <name>__mspabi_srll_2</name>
         <value>0x13cbe</value>
         <object_component_ref idref="oc-802"/>
      </symbol>
      <symbol id="sm-b48">
         <name>__mspabi_srll_3</name>
         <value>0x13cba</value>
         <object_component_ref idref="oc-802"/>
      </symbol>
      <symbol id="sm-b49">
         <name>__mspabi_srll_1</name>
         <value>0x13cc2</value>
         <object_component_ref idref="oc-802"/>
      </symbol>
      <symbol id="sm-b4a">
         <name>__mspabi_srll_15</name>
         <value>0x13c8a</value>
         <object_component_ref idref="oc-802"/>
      </symbol>
      <symbol id="sm-b4b">
         <name>__mspabi_srll_14</name>
         <value>0x13c8e</value>
         <object_component_ref idref="oc-802"/>
      </symbol>
      <symbol id="sm-b4c">
         <name>__mspabi_srll_13</name>
         <value>0x13c92</value>
         <object_component_ref idref="oc-802"/>
      </symbol>
      <symbol id="sm-b4d">
         <name>__mspabi_srll_12</name>
         <value>0x13c96</value>
         <object_component_ref idref="oc-802"/>
      </symbol>
      <symbol id="sm-b4e">
         <name>__mspabi_srll_11</name>
         <value>0x13c9a</value>
         <object_component_ref idref="oc-802"/>
      </symbol>
      <symbol id="sm-b4f">
         <name>__mspabi_srll_10</name>
         <value>0x13c9e</value>
         <object_component_ref idref="oc-802"/>
      </symbol>
      <symbol id="sm-b59">
         <name>__mspabi_mpyi_sw</name>
         <value>0x143b2</value>
         <object_component_ref idref="oc-5d8"/>
      </symbol>
      <symbol id="sm-b5a">
         <name>__mspabi_mpyi</name>
         <value>0x143b2</value>
         <object_component_ref idref="oc-5d8"/>
      </symbol>
      <symbol id="sm-b64">
         <name>__mspabi_mpyl_sw</name>
         <value>0x140b6</value>
         <object_component_ref idref="oc-859"/>
      </symbol>
      <symbol id="sm-b65">
         <name>__mspabi_mpyl</name>
         <value>0x140b6</value>
         <object_component_ref idref="oc-859"/>
      </symbol>
      <symbol id="sm-b75">
         <name>_stack</name>
         <value>0x4360</value>
         <object_component_ref idref="oc-37d"/>
      </symbol>
      <symbol id="sm-b76">
         <name>_c_int00_noargs</name>
         <value>0x448e</value>
         <object_component_ref idref="oc-3bc"/>
      </symbol>
      <symbol id="sm-b77">
         <name>_reset_vector</name>
         <value>0xfffe</value>
         <object_component_ref idref="oc-380"/>
      </symbol>
      <symbol id="sm-b9a">
         <name>__TI_auto_init_nobinit_nopinit_hold_wdt</name>
         <value>0x13686</value>
         <object_component_ref idref="oc-50a"/>
      </symbol>
      <symbol id="sm-bad">
         <name>__TI_zero_init</name>
         <value>0x14124</value>
         <object_component_ref idref="oc-3b0"/>
      </symbol>
      <symbol id="sm-bbe">
         <name>_system_pre_init</name>
         <value>0x1446c</value>
         <object_component_ref idref="oc-407"/>
      </symbol>
      <symbol id="sm-bc7">
         <name>_system_post_cinit</name>
         <value>0x14470</value>
         <object_component_ref idref="oc-75d"/>
      </symbol>
      <symbol id="sm-bd8">
         <name>__TI_decompress_none</name>
         <value>0x143ea</value>
         <object_component_ref idref="oc-73"/>
      </symbol>
      <symbol id="sm-bfb">
         <name>__TI_decompress_lzss</name>
         <value>0x1304c</value>
         <object_component_ref idref="oc-6d"/>
      </symbol>
      <symbol id="sm-c05">
         <name>C$$EXIT</name>
         <value>0x14466</value>
         <object_component_ref idref="oc-4e6"/>
      </symbol>
      <symbol id="sm-c06">
         <name>abort</name>
         <value>0x14466</value>
         <object_component_ref idref="oc-4e6"/>
      </symbol>
      <symbol id="sm-c16">
         <name>memcpy</name>
         <value>0x1439e</value>
         <object_component_ref idref="oc-38c"/>
      </symbol>
   </symbol_table>
   <title>Link successful</title>
</link_info>
